******************************************************************************
                  TI ARM Linker PC v18.1.3                     
******************************************************************************
>> Linked Fri Nov 16 00:53:14 2018

OUTPUT FILE NAME:   <enet_io.out>
ENTRY POINT SYMBOL: "_c_int00_noargs"  address: 0007aa31


MEMORY CONFIGURATION

         name            origin    length      used     unused   attr    fill
----------------------  --------  ---------  --------  --------  ----  --------
  FLASH                 00000000   00100000  0007bf3e  000840c2  R  X
  SRAM                  20000000   00040000  00024582  0001ba7e  RW X


SEGMENT ALLOCATION MAP

run origin  load origin   length   init length attrs members
----------  ----------- ---------- ----------- ----- -------
00000000    00000000    0007bf40   0007bf40    r-x
  00000000    00000000    00000200   00000200    r-- .intvecs
  00000200    00000200    00071f48   00071f48    r-- .const
  00072148    00072148    00009d86   00009d86    r-x .text
  0007bed0    0007bed0    00000070   00000070    r-- .cinit
20000000    20000000    00024588   00000000    rw-
  20000000    20000000    000240aa   00000000    rw- .bss
  200240b0    200240b0    00000400   00000000    rw- .stack
  200244b0    200244b0    000000d8   00000000    rw- .data


SECTION ALLOCATION MAP

 output                                  attributes/
section   page    origin      length       input sections
--------  ----  ----------  ----------   ----------------
.intvecs   0    00000000    00000200     
                  00000000    00000200     startup_ccs.obj (.intvecs)

.const     0    00000200    00071f48     
                  00000200    000308e5     io_fs.obj (.const:.string:data_block_tm4c129e_jpg)
                  00030ae5    0002c026     io_fs.obj (.const:.string:data_block_jpg)
                  0005cb0b    0000b650     io_fs.obj (.const:.string:data_ek_tm4c1294xl_jpg)
                  0006815b    00001d93     io_fs.obj (.const:.string:data_io_cgi_ssi)
                  00069eee    00001bfc     io_fs.obj (.const:.string:data_ti_jpg)
                  0006baea    000010b8     io_fs.obj (.const:.string:data_javascript_js)
                  0006cba2    00000d33     io_fs.obj (.const:.string:data_tm4c_jpg)
                  0006d8d5    00000b67     io_fs.obj (.const:.string:data_io_http_htm)
                  0006e43c    00000b04     io_fs.obj (.const:.string:data_perror_htm)
                  0006ef40    0000087d     io_fs.obj (.const:.string:data_index_htm)
                  0006f7bd    00000714     io_fs.obj (.const:.string:data_about_htm)
                  0006fed1    000006c3     io_fs.obj (.const:.string:data_favicon_ico)
                  00070594    00000604     io_fs.obj (.const:.string:data_styles_css)
                  00070b98    000005fd     io_fs.obj (.const:.string:data_overview_htm)
                  00071195    00000003     --HOLE-- [fill = 0]
                  00071198    00000440     httpd.obj (.const:.string)
                  000715d8    000001f8     io_fs.obj (.const:.string:data_block_htm)
                  000717d0    000001b0     driverlib.lib : sysctl.obj (.const:g_pppui32XTALtoVCO)
                  00071980    00000198     io_fs.obj (.const:.string:data_javascript_load_js)
                  00071b18    0000012c     io_fs.obj (.const:.string:data_404_htm)
                  00071c44    0000009c     driverlib.lib : interrupt.obj (.const:g_pui32Regs)
                  00071ce0    00000088     httpd.obj (.const:g_psHTTPHeaders)
                  00071d68    00000070     driverlib.lib : interrupt.obj (.const)
                  00071dd8    0000006c                   : sysctl.obj (.const:g_pui32Xtals)
                  00071e44    00000068     httpd.obj (.const:g_psHTTPHeaderStrings)
                  00071eac    00000038     enet_io.obj (.const:.string)
                  00071ee4    00000030     driverlib.lib : sysctl.obj (.const:g_sXTALtoMEMTIM)
                  00071f14    00000028     httpd.obj (.const:g_psDefaultFilenames)
                  00071f3c    00000018     driverlib.lib : emac.obj (.const)
                  00071f54    00000014     io_fs.obj (.const:file_404_htm)
                  00071f68    00000014     io_fs.obj (.const:file_about_htm)
                  00071f7c    00000014     io_fs.obj (.const:file_block_htm)
                  00071f90    00000014     io_fs.obj (.const:file_block_jpg)
                  00071fa4    00000014     io_fs.obj (.const:file_block_tm4c129e_jpg)
                  00071fb8    00000014     io_fs.obj (.const:file_ek_tm4c1294xl_jpg)
                  00071fcc    00000014     io_fs.obj (.const:file_favicon_ico)
                  00071fe0    00000014     io_fs.obj (.const:file_index_htm)
                  00071ff4    00000014     io_fs.obj (.const:file_io_cgi_ssi)
                  00072008    00000014     io_fs.obj (.const:file_io_http_htm)
                  0007201c    00000014     io_fs.obj (.const:file_javascript_js)
                  00072030    00000014     io_fs.obj (.const:file_javascript_load_js)
                  00072044    00000014     io_fs.obj (.const:file_overview_htm)
                  00072058    00000014     io_fs.obj (.const:file_perror_htm)
                  0007206c    00000014     io_fs.obj (.const:file_styles_css)
                  00072080    00000014     io_fs.obj (.const:file_ti_jpg)
                  00072094    00000014     io_fs.obj (.const:file_tm4c_jpg)
                  000720a8    00000010     httpd.obj (.const:g_pcSSIExtensions)
                  000720b8    00000010     enet_io.obj (.const:g_psConfigCGIURIs)
                  000720c8    00000010     lwiplib.obj (.const:memp_num)
                  000720d8    00000010     lwiplib.obj (.const:memp_sizes)
                  000720e8    00000010     lwiplib.obj (.const:tcp_pcb_lists)
                  000720f8    0000000d     lwiplib.obj (.const:.string:tcp_backoff)
                  00072105    00000003     --HOLE-- [fill = 0]
                  00072108    0000000c     uartstdio.obj (.const:g_ui32UARTBase)
                  00072114    0000000c     uartstdio.obj (.const:g_ui32UARTPeriph)
                  00072120    00000008     driverlib.lib : sysctl.obj (.const)
                  00072128    00000007     lwiplib.obj (.const:.string:tcp_persist_backoff)
                  0007212f    00000006     lwiplib.obj (.const:ethbroadcast)
                  00072135    00000006     lwiplib.obj (.const:ethzero)
                  0007213b    00000001     --HOLE-- [fill = 0]
                  0007213c    00000004     lwiplib.obj (.const:ip_addr_any)
                  00072140    00000004     lwiplib.obj (.const:ip_addr_broadcast)
                  00072144    00000004     port.obj (.const)

.text      0    00072148    00009d86     
                  00072148    000007ac     lwiplib.obj (.text:tcp_receive)
                  000728f4    000004a6     httpd.obj (.text:http_send_data)
                  00072d9a    00000002     startup_ccs.obj (.text:FaultISR)
                  00072d9c    000003cc     lwiplib.obj (.text:tcp_input)
                  00073168    000003b4     lwiplib.obj (.text:tcp_process)
                  0007351c    000002e8     lwiplib.obj (.text:tcp_write)
                  00073804    000002c8     lwiplib.obj (.text:tcp_slowtmr)
                  00073acc    00000251     ustdlib.obj (.text:uvsnprintf)
                  00073d1d    00000001     --HOLE-- [fill = 0]
                  00073d1e    00000002     startup_ccs.obj (.text:IntDefaultHandler)
                  00073d20    00000228     lwiplib.obj (.text:dhcp_parse_reply)
                  00073f48    00000218     pinout.obj (.text:PinoutSet)
                  00074160    00000200     driverlib.lib : sysctl.obj (.text:SysCtlClockFreqSet)
                  00074360    000001f0     lwiplib.obj (.text:ip_input)
                  00074550    000001f0     lwiplib.obj (.text:udp_input)
                  00074740    000001ea     uartstdio.obj (.text:UARTvprintf)
                  0007492a    00000002     startup_ccs.obj (.text:NmiSR)
                  0007492c    000001a4     lwiplib.obj (.text:icmp_input)
                  00074ad0    0000018c     lwiplib.obj (.text:tcp_output)
                  00074c5c    00000150     lwiplib.obj (.text:etharp_arp_input)
                  00074dac    0000014c     enet_io.obj (.text:configureEthernet)
                  00074ef8    00000148     lwiplib.obj (.text:tcp_close_shutdown)
                  00075040    00000140     lwiplib.obj (.text:tivaif_receive)
                  00075180    0000013a     lwiplib.obj (.text:pbuf_alloc)
                  000752ba    00000132     driverlib.lib : gpio.obj (.text:GPIOPadConfigSet)
                  000753ec    0000012c     queue.obj (.text:xQueueGenericReceive)
                  00075518    00000124     lwiplib.obj (.text:dhcp_create_msg)
                  0007563c    00000120     io_fs.obj (.text:fs_open)
                  0007575c    0000011c     lwiplib.obj (.text:etharp_output)
                  00075878    00000114     lwiplib.obj (.text:etharp_query)
                  0007598c    00000114     httpd.obj (.text:http_find_file)
                  00075aa0    00000114     lwiplib.obj (.text:tcp_listen_input)
                  00075bb4    00000100     lwiplib.obj (.text:tivaif_transmit)
                  00075cb4    00000100     tasks.obj (.text:xTaskIncrementTick)
                  00075db4    000000f8     lwiplib.obj (.text:mem_malloc)
                  00075eac    000000f0     queue.obj (.text:xQueueGenericSend)
                  00075f9c    000000ec     httpd.obj (.text:get_http_headers)
                  00076088    000000e8     lwiplib.obj (.text:ip_output_if)
                  00076170    000000e8     lwiplib.obj (.text:lwIPInit)
                  00076258    000000e8     lwiplib.obj (.text:mem_trim)
                  00076340    000000e8     lwiplib.obj (.text:udp_sendto_if)
                  00076428    000000e0     lwiplib.obj (.text:etharp_find_entry)
                  00076508    000000dc     lwiplib.obj (.text:etharp_raw)
                  000765e4    000000dc     tasks.obj (.text:xTaskResumeAll)
                  000766c0    000000d8     lwiplib.obj (.text:tcp_output_segment)
                  00076798    000000d4     lwiplib.obj (.text:autoip_tmr)
                  0007686c    000000d4     lwiplib.obj (.text:dhcp_select)
                  00076940    000000d2     portasm.obj (.text)
                  00076a12    00000002     rtsv7M4_T_le_v4SPD16_eabi.lib : div0.asm.obj (.text)
                  00076a14    000000d0     httpd.obj (.text:get_tag_insert)
                  00076ae4    000000d0     lwiplib.obj (.text:tcp_alloc)
                  00076bb4    000000cc     lwiplib.obj (.text:dhcp_recv)
                  00076c80    000000c8     lwiplib.obj (.text:dhcp_bind)
                  00076d48    000000c4     lwiplib.obj (.text:InitDMADescriptors)
                  00076e0c    000000c4     lwiplib.obj (.text:dhcp_discover)
                  00076ed0    000000bc     enet_io.obj (.text:SSIHandler)
                  00076f8c    000000bc     lwiplib.obj (.text:tivaif_hwinit)
                  00077048    000000b8     lwiplib.obj (.text:tcp_create_segment)
                  00077100    000000b4     enet_io.obj (.text:lwIPHostTimerHandler)
                  000771b4    000000b0     lwiplib.obj (.text:lwIPServiceTimers)
                  00077264    000000b0     tasks.obj (.text:prvAddNewTaskToReadyList)
                  00077314    000000ac     lwiplib.obj (.text:ethernet_input)
                  000773c0    000000ac     lwiplib.obj (.text:tcp_enqueue_flags)
                  0007746c    000000ac     lwiplib.obj (.text:tcp_zero_window_probe)
                  00077518    000000a8     lwiplib.obj (.text:dhcp_release)
                  000775c0    000000a8     lwiplib.obj (.text:dhcp_start)
                  00077668    000000a8     heap_2.obj (.text:pvPortMalloc)
                  00077710    000000a4     timers.obj (.text:prvProcessReceivedCommands)
                  000777b4    000000a0     lwiplib.obj (.text:inet_chksum_pseudo)
                  00077854    0000009e     httpd.obj (.text:http_parse_request)
                  000778f2    00000002     --HOLE-- [fill = 0]
                  000778f4    0000009c     enet_io.obj (.text:main)
                  00077990    0000009c     rtsv7M4_T_le_v4SPD16_eabi.lib : memcpy_t2.asm.obj (.text)
                  00077a2c    0000009c     lwiplib.obj (.text:tcp_listen_with_backlog)
                  00077ac8    00000098     lwiplib.obj (.text:dhcp_reboot)
                  00077b60    00000098     tasks.obj (.text:prvAddCurrentTaskToDelayedList)
                  00077bf8    00000092     lwiplib.obj (.text:pbuf_copy)
                  00077c8a    00000002     --HOLE-- [fill = 0]
                  00077c8c    00000090     lwiplib.obj (.text:tcp_abandon)
                  00077d1c    00000090     lwiplib.obj (.text:tcp_rst)
                  00077dac    00000090     tasks.obj (.text:vTaskPriorityInherit)
                  00077e3c    0000008c     enet_io.obj (.text:ControlCGIHandler)
                  00077ec8    0000008c     tasks.obj (.text:prvInitialiseNewTask)
                  00077f54    00000088     locator.obj (.text:LocatorReceive)
                  00077fdc    00000084     io.obj (.text:io_init)
                  00078060    00000084     lwiplib.obj (.text:lwIPLinkDetect)
                  000780e4    00000084     lwiplib.obj (.text:tcp_timewait_input)
                  00078168    00000080     lwiplib.obj (.text:dhcp_rebind)
                  000781e8    00000080     lwiplib.obj (.text:dhcp_renew)
                  00078268    00000080     lwiplib.obj (.text:lwIPEthernetIntHandler)
                  000782e8    00000080     lwiplib.obj (.text:lwIPPrivateInit)
                  00078368    00000080     lwiplib.obj (.text:tcp_parseopt)
                  000783e8    00000080     queue.obj (.text:xQueueGenericReset)
                  00078468    0000007e     lwiplib.obj (.text:autoip_arp_reply)
                  000784e6    00000002     --HOLE-- [fill = 0]
                  000784e8    0000007c     lwiplib.obj (.text:dhcp_handle_ack)
                  00078564    0000007c     lwiplib.obj (.text:dhcp_timeout)
                  000785e0    0000007c     lwiplib.obj (.text:tcp_bind)
                  0007865c    0000007c     lwiplib.obj (.text:tcp_oos_insert_segment)
                  000786d8    0000007c     lwiplib.obj (.text:tivaif_process_phy_interrupt)
                  00078754    0000007a     rtsv7M4_T_le_v4SPD16_eabi.lib : memset_t2.asm.obj (.text)
                  000787ce    00000002     --HOLE-- [fill = 0]
                  000787d0    00000079     httpd.obj (.text:http_init_file)
                  00078849    00000003     --HOLE-- [fill = 0]
                  0007884c    00000078     driverlib.lib : emac.obj (.text:EMACInit)
                  000788c4    00000078     tasks.obj (.text:xTaskPriorityDisinherit)
                  0007893c    00000076     queue.obj (.text:prvCopyDataToQueue)
                  000789b2    00000002     --HOLE-- [fill = 0]
                  000789b4    00000074     lwiplib.obj (.text:etharp_update_arp_entry)
                  00078a28    00000074     lwiplib.obj (.text:raw_input)
                  00078a9c    00000074     tasks.obj (.text:xTaskRemoveFromEventList)
                  00078b10    00000072     cgifuncs.obj (.text:CheckDecimalParam)
                  00078b82    00000072     httpd.obj (.text:extract_uri_parameters)
                  00078bf4    00000070     lwiplib.obj (.text:mem_free)
                  00078c64    00000070     timers.obj (.text:prvProcessTimerOrBlockTask)
                  00078cd4    00000070     lwiplib.obj (.text:tcp_fasttmr)
                  00078d44    0000006c     lwiplib.obj (.text:icmp_send_response)
                  00078db0    0000006c     lwiplib.obj (.text:memp_init)
                  00078e1c    00000068     driverlib.lib : interrupt.obj (.text:IntEnable)
                  00078e84    00000068     rtsv7M4_T_le_v4SPD16_eabi.lib : copy_decompress_lzss.c.obj (.text:decompress:lzss:__TI_decompress_lzss)
                  00078eec    00000068     lwiplib.obj (.text:dhcp_decline)
                  00078f54    00000068     httpd.obj (.text:http_recv)
                  00078fbc    00000068     lwiplib.obj (.text:lwip_standard_chksum)
                  00079024    00000068     lwiplib.obj (.text:netif_set_ipaddr)
                  0007908c    00000068     lwiplib.obj (.text:sys_timeout)
                  000790f4    00000068     lwiplib.obj (.text:tcp_output_alloc_header)
                  0007915c    00000068     lwiplib.obj (.text:tcp_process_refused_data)
                  000791c4    00000068     lwiplib.obj (.text:udp_bind)
                  0007922c    00000066     lwiplib.obj (.text:pbuf_copy_partial)
                  00079292    00000002     --HOLE-- [fill = 0]
                  00079294    00000064     enet_io.obj (.text:SetTextCGIHandler)
                  000792f8    00000064     lwiplib.obj (.text:pbuf_header)
                  0007935c    00000064     tasks.obj (.text:vTaskStartScheduler)
                  000793c0    00000060     uartstdio.obj (.text:UARTStdioConfig)
                  00079420    00000060     lwiplib.obj (.text:plug_holes)
                  00079480    00000060     tasks.obj (.text:prvInitialiseTaskLists)
                  000794e0    00000060     timers.obj (.text:prvSwitchTimerLists)
                  00079540    0000005e     queue.obj (.text:prvUnlockQueue)
                  0007959e    0000005e     queue.obj (.text:xQueueGenericSendFromISR)
                  000795fc    0000005e     tasks.obj (.text:xTaskCreate)
                  0007965a    0000005c     cgifuncs.obj (.text:DecodeFormString)
                  000796b6    00000002     --HOLE-- [fill = 0]
                  000796b8    0000005c     enet_io.obj (.text:demoSerialTask)
                  00079714    0000005c     lwiplib.obj (.text:mem_init)
                  00079770    0000005c     timers.obj (.text:prvCheckForValidListAndQueue)
                  000797cc    0000005c     lwiplib.obj (.text:tcp_keepalive)
                  00079828    0000005c     lwiplib.obj (.text:tcp_pcb_remove)
                  00079884    0000005c     lwiplib.obj (.text:tcp_send_empty_ack)
                  000798e0    0000005a     lwiplib.obj (.text:pbuf_realloc)
                  0007993a    00000002     --HOLE-- [fill = 0]
                  0007993c    00000058     driverlib.lib : emac.obj (.text:EMACPHYConfigSet)
                  00079994    00000058     lwiplib.obj (.text:autoip_create_addr)
                  000799ec    00000058     lwiplib.obj (.text:autoip_start)
                  00079a44    00000058     httpd.obj (.text:http_accept)
                  00079a9c    00000058     lwiplib.obj (.text:memp_malloc)
                  00079af4    00000058     tasks.obj (.text:prvCheckTasksWaitingTermination)
                  00079b4c    00000058     tasks.obj (.text:vTaskSwitchContext)
                  00079ba4    00000056     lwiplib.obj (.text:tcp_rexmit)
                  00079bfa    00000002     --HOLE-- [fill = 0]
                  00079bfc    00000054     locator.obj (.text:LocatorInit)
                  00079c50    00000054     lwiplib.obj (.text:tcp_new_port)
                  00079ca4    00000054     tasks.obj (.text:xTaskCheckForTimeOut)
                  00079cf8    00000052     lwiplib.obj (.text:tcp_pbuf_prealloc)
                  00079d4a    00000052     lwiplib.obj (.text:tivaif_process_transmit)
                  00079d9c    00000050     driverlib.lib : sysctl.obj (.text:SysCtlPeripheralReset)
                  00079dec    00000050     httpd.obj (.text:http_close_conn)
                  00079e3c    00000050     io.obj (.text:io_set_timer)
                  00079e8c    00000050     lwiplib.obj (.text:netif_add)
                  00079edc    00000050     lwiplib.obj (.text:sys_timeouts_init)
                  00079f2c    00000050     lwiplib.obj (.text:tcp_write_checks)
                  00079f7c    0000004e     lwiplib.obj (.text:autoip_start_probing)
                  00079fca    0000004e     lwiplib.obj (.text:inet_chksum_pbuf)
                  0007a018    0000004e     lwiplib.obj (.text:pbuf_free)
                  0007a066    00000002     --HOLE-- [fill = 0]
                  0007a068    0000004c     lwiplib.obj (.text:ip_route)
                  0007a0b4    0000004c     httpd.obj (.text:strnstr)
                  0007a100    0000004c     lwiplib.obj (.text:tivaif_interrupt)
                  0007a14c    0000004c     lwiplib.obj (.text:udp_connect)
                  0007a198    0000004c     lwiplib.obj (.text:udp_new_port)
                  0007a1e4    0000004b     httpd.obj (.text:http_get_404_file)
                  0007a22f    00000001     --HOLE-- [fill = 0]
                  0007a230    00000048     uartstdio.obj (.text:UARTwrite)
                  0007a278    00000048     driverlib.lib : sysctl.obj (.text:_SysCtlFrequencyGet)
                  0007a2c0    00000048     lwiplib.obj (.text:etharp_output_to_arp_index)
                  0007a308    00000048     httpd.obj (.text:http_write)
                  0007a350    00000048     lwiplib.obj (.text:ip_output)
                  0007a398    00000048     timers.obj (.text:prvProcessExpiredTimer)
                  0007a3e0    00000048     lwiplib.obj (.text:tcp_kill_prio)
                  0007a428    00000048     lwiplib.obj (.text:tcp_rexmit_fast)
                  0007a470    00000048     lwiplib.obj (.text:tivaif_check_pbuf)
                  0007a4b8    00000048     queue.obj (.text:vQueueWaitForMessageRestricted)
                  0007a500    00000046     lwiplib.obj (.text:tcp_send_fin)
                  0007a546    00000002     --HOLE-- [fill = 0]
                  0007a548    00000044     rtsv7M4_T_le_v4SPD16_eabi.lib : autoinit.c.obj (.text:__TI_auto_init_nobinit_nopinit:__TI_auto_init_nobinit_nopinit)
                  0007a58c    00000044     timers.obj (.text:prvInsertTimerInActiveList)
                  0007a5d0    00000044     heap_2.obj (.text:vPortFree)
                  0007a614    00000044     timers.obj (.text:xTimerGenericCommand)
                  0007a658    00000042     lwiplib.obj (.text:dhcp_network_changed)
                  0007a69a    00000042     lwiplib.obj (.text:dhcp_option_long)
                  0007a6dc    00000042     lwiplib.obj (.text:tcp_pcb_purge)
                  0007a71e    00000040     cgifuncs.obj (.text:DecodeHexEscape)
                  0007a75e    00000002     --HOLE-- [fill = 0]
                  0007a760    00000040     lwiplib.obj (.text:etharp_tmr)
                  0007a7a0    00000040     rtsv7M4_T_le_v4SPD16_eabi.lib : u_divt2.asm.obj (.text)
                  0007a7e0    00000040     port.obj (.text:xPortStartScheduler)
                  0007a820    00000040     timers.obj (.text:xTimerCreateTimerTask)
                  0007a860    0000003e     lwiplib.obj (.text:netif_set_link_up)
                  0007a89e    00000002     --HOLE-- [fill = 0]
                  0007a8a0    0000003c     lwiplib.obj (.text:dhcp_coarse_tmr)
                  0007a8dc    0000003a     driverlib.lib : emac.obj (.text:EMACIntEnable)
                  0007a916    0000003a     io_fs.obj (.text:fs_read)
                  0007a950    00000038     enet_io.obj (.text:DisplayIPAddress)
                  0007a988    00000038     driverlib.lib : emac.obj (.text:EMACConfigSet)
                  0007a9c0    00000038     locator.obj (.text:LocatorAppTitleSet)
                  0007a9f8    00000038     driverlib.lib : sysctl.obj (.text:SysCtlPeripheralReady)
                  0007aa30    00000038     rtsv7M4_T_le_v4SPD16_eabi.lib : boot_cortex_m.c.obj (.text:_c_int00_noargs:_c_int00_noargs)
                  0007aa68    00000038     lwiplib.obj (.text:dhcp_fine_tmr)
                  0007aaa0    00000038     lwiplib.obj (.text:dhcp_handle_nak)
                  0007aad8    00000038     lwiplib.obj (.text:dhcp_stop)
                  0007ab10    00000038     httpd.obj (.text:httpd_init_addr)
                  0007ab48    00000038     io.obj (.text:io_get_ledstate)
                  0007ab80    00000038     lwiplib.obj (.text:memp_free)
                  0007abb8    00000038     lwiplib.obj (.text:tcpip_tcp_timer)
                  0007abf0    00000038     lwiplib.obj (.text:udp_sendto)
                  0007ac28    00000038     list.obj (.text:vListInsert)
                  0007ac60    00000036     ustdlib.obj (.text:ustrncmp)
                  0007ac96    00000002     --HOLE-- [fill = 0]
                  0007ac98    00000034     driverlib.lib : emac.obj (.text:EMACConfigGet)
                  0007accc    00000034                   : emac.obj (.text:EMACIntClear)
                  0007ad00    00000034     lwiplib.obj (.text:autoip_arp_probe)
                  0007ad34    00000034     enet_io.obj (.text:ethernetTask)
                  0007ad68    00000034     httpd.obj (.text:http_poll)
                  0007ad9c    00000034     io.obj (.text:io_set_animation_speed_string)
                  0007add0    00000034     rtsv7M4_T_le_v4SPD16_eabi.lib : strstr.c.obj (.text:strstr)
                  0007ae04    00000034     lwiplib.obj (.text:tcp_kill_timewait)
                  0007ae38    00000034     lwiplib.obj (.text:tcp_timer_needed)
                  0007ae6c    00000034     lwiplib.obj (.text:tivaif_init)
                  0007aea0    00000032     lwiplib.obj (.text:ip4_addr_isbroadcast)
                  0007aed2    00000032     lwiplib.obj (.text:tcp_recved)
                  0007af04    00000030     lwiplib.obj (.text:dhcp_option_trailer)
                  0007af34    00000030     heap_2.obj (.text:prvHeapInit)
                  0007af64    00000030     lwiplib.obj (.text:tcp_update_rcv_ann_wnd)
                  0007af94    00000030     lwiplib.obj (.text:udp_remove)
                  0007afc4    00000030     tasks.obj (.text:vTaskDelay)
                  0007aff4    0000002e     cgifuncs.obj (.text:FindCGIParameter)
                  0007b022    0000002e     lwiplib.obj (.text:tcp_rexmit_rto)
                  0007b050    0000002e     queue.obj (.text:xQueueGenericCreate)
                  0007b07e    0000002c     driverlib.lib : emac.obj (.text:EMACIntStatus)
                  0007b0aa    0000002c     cgifuncs.obj (.text:GetCGIParam)
                  0007b0d6    00000002     --HOLE-- [fill = 0]
                  0007b0d8    0000002c     lwiplib.obj (.text:autoip_arp_announce)
                  0007b104    0000002c     enet_io.obj (.text:configureController)
                  0007b130    0000002c     lwiplib.obj (.text:dhcp_handle_offer)
                  0007b15c    0000002c     lwiplib.obj (.text:etharp_request)
                  0007b188    0000002c     port.obj (.text:pxPortInitialiseStack)
                  0007b1b4    0000002c     rtsv7M4_T_le_v4SPD16_eabi.lib : strncmp.c.obj (.text:strncmp)
                  0007b1e0    0000002c     port.obj (.text:xPortSysTickHandler)
                  0007b20c    0000002a     driverlib.lib : gpio.obj (.text:GPIODirModeSet)
                  0007b236    0000002a     cgifuncs.obj (.text:HexDigit)
                  0007b260    0000002a     lwiplib.obj (.text:autoip_bind)
                  0007b28a    0000002a     lwiplib.obj (.text:pbuf_cat)
                  0007b2b4    0000002a     ustdlib.obj (.text:ustrncpy)
                  0007b2de    00000002     --HOLE-- [fill = 0]
                  0007b2e0    00000028     enet_io.obj (.text:AnimTimerIntHandler)
                  0007b308    00000028     lwiplib.obj (.text:etharp_cleanup_netif)
                  0007b330    00000028     tasks.obj (.text:prvIdleTask)
                  0007b358    00000028     tasks.obj (.text:prvResetNextTaskUnblockTime)
                  0007b380    00000028     timers.obj (.text:prvSampleTimeNow)
                  0007b3a8    00000026     driverlib.lib : emac.obj (.text:EMACPHYRead)
                  0007b3ce    00000026                   : emac.obj (.text:EMACPHYWrite)
                  0007b3f4    00000026     lwiplib.obj (.text:dhcp_check)
                  0007b41a    00000026     httpd.obj (.text:http_state_free)
                  0007b440    00000026     queue.obj (.text:prvCopyDataFromQueue)
                  0007b466    00000026     lwiplib.obj (.text:tcp_recv_null)
                  0007b48c    00000024     driverlib.lib : interrupt.obj (.text:IntPrioritySet)
                  0007b4b0    00000024     lwiplib.obj (.text:etharp_free_entry)
                  0007b4d4    00000024     io.obj (.text:io_is_led_on)
                  0007b4f8    00000024     rtsv7M4_T_le_v4SPD16_eabi.lib : memcmp.c.obj (.text:memcmp)
                  0007b51c    00000024     lwiplib.obj (.text:netif_set_up)
                  0007b540    00000024     queue.obj (.text:prvInitialiseNewQueue)
                  0007b564    00000024     lwiplib.obj (.text:tcp_seg_copy)
                  0007b588    00000024     list.obj (.text:uxListRemove)
                  0007b5ac    00000024     tasks.obj (.text:vTaskPlaceOnEventListRestricted)
                  0007b5d0    00000022     lwiplib.obj (.text:dhcp_option_short)
                  0007b5f2    00000022     httpd.obj (.text:http_state_alloc)
                  0007b614    00000020     cgifuncs.obj (.text:IsValidHexDigit)
                  0007b634    00000020     locator.obj (.text:LocatorMACAddrSet)
                  0007b654    00000020     driverlib.lib : sysctl.obj (.text:_SysCtlMemTimingGet)
                  0007b674    00000020     lwiplib.obj (.text:autoip_handle_arp_conflict)
                  0007b694    00000020     lwiplib.obj (.text:dhcp_option)
                  0007b6b4    00000020     lwiplib.obj (.text:etharp_send_ip)
                  0007b6d4    00000020     lwiplib.obj (.text:lwIPTimer)
                  0007b6f4    00000020     timers.obj (.text:prvGetNextExpireTime)
                  0007b714    00000020     lwiplib.obj (.text:tcp_eff_send_mss)
                  0007b734    00000020     lwiplib.obj (.text:tcp_tmr)
                  0007b754    00000020     ustdlib.obj (.text:usprintf)
                  0007b774    00000020     queue.obj (.text:vQueueAddToRegistry)
                  0007b794    00000020     tasks.obj (.text:xTaskGetSchedulerState)
                  0007b7b4    0000001e     driverlib.lib : emac.obj (.text:EMACAddrGet)
                  0007b7d2    0000001e     lwiplib.obj (.text:netif_set_down)
                  0007b7f0    0000001c     httpd.obj (.text:http_set_ssi_handler)
                  0007b80c    0000001c     io.obj (.text:io_set_led)
                  0007b828    0000001c     lwiplib.obj (.text:lwIPLocalIPAddrGet)
                  0007b844    0000001c     lwiplib.obj (.text:netif_set_addr)
                  0007b860    0000001c     queue.obj (.text:prvIsQueueFull)
                  0007b87c    0000001c     lwiplib.obj (.text:udp_new)
                  0007b898    0000001c     port.obj (.text:vPortEnterCritical)
                  0007b8b4    0000001c     tasks.obj (.text:vTaskPlaceOnEventList)
                  0007b8d0    0000001a     uartstdio.obj (.text:UARTprintf)
                  0007b8ea    0000001a     lwiplib.obj (.text:autoip_network_changed)
                  0007b904    0000001a     lwiplib.obj (.text:dhcp_arp_reply)
                  0007b91e    0000001a     lwiplib.obj (.text:lwip_htonl)
                  0007b938    0000001a     queue.obj (.text:prvIsQueueEmpty)
                  0007b952    0000001a     ustdlib.obj (.text:usnprintf)
                  0007b96c    00000018     lwiplib.obj (.text:arp_timer)
                  0007b984    00000018     lwiplib.obj (.text:autoip_timer)
                  0007b99c    00000018     lwiplib.obj (.text:dhcp_timer_coarse)
                  0007b9b4    00000018     lwiplib.obj (.text:dhcp_timer_fine)
                  0007b9cc    00000018     io.obj (.text:io_get_animation_speed_string)
                  0007b9e4    00000018     lwiplib.obj (.text:pbuf_pool_is_empty)
                  0007b9fc    00000018     tasks.obj (.text:pvTaskIncrementMutexHeldCount)
                  0007ba14    00000018     rtsv7M4_T_le_v4SPD16_eabi.lib : strcmp.c.obj (.text:strcmp)
                  0007ba2c    00000018     lwiplib.obj (.text:tcp_next_iss)
                  0007ba44    00000018     lwiplib.obj (.text:tcp_seg_free)
                  0007ba5c    00000018     enet_io.obj (.text:testTask)
                  0007ba74    00000018     list.obj (.text:vListInsertEnd)
                  0007ba8c    00000018     port.obj (.text:vPortExitCritical)
                  0007baa4    00000018     tasks.obj (.text:vTaskSetTimeOutState)
                  0007babc    00000016     driverlib.lib : emac.obj (.text:EMACReset)
                  0007bad2    00000016                   : emac.obj (.text:EMACRxEnable)
                  0007bae8    00000016                   : emac.obj (.text:EMACTxEnable)
                  0007bafe    00000016     lwiplib.obj (.text:dhcp_delete_msg)
                  0007bb14    00000016     lwiplib.obj (.text:dhcp_t1_timeout)
                  0007bb2a    00000016     lwiplib.obj (.text:dhcp_t2_timeout)
                  0007bb40    00000016     httpd.obj (.text:http_sent)
                  0007bb56    00000016     lwiplib.obj (.text:pbuf_ref)
                  0007bb6c    00000016     rtsv7M4_T_le_v4SPD16_eabi.lib : strchr.c.obj (.text:strchr)
                  0007bb82    00000016     list.obj (.text:vListInitialise)
                  0007bb98    00000014     driverlib.lib : flash.obj (.text:FlashUserGet)
                  0007bbac    00000014                   : systick.obj (.text:SysTickEnable)
                  0007bbc0    00000014                   : systick.obj (.text:SysTickIntEnable)
                  0007bbd4    00000014     httpd.obj (.text:http_set_cgi_handlers)
                  0007bbe8    00000014     io.obj (.text:io_set_animation_speed)
                  0007bbfc    00000014     timers.obj (.text:prvTimerTask)
                  0007bc10    00000014     rtsv7M4_T_le_v4SPD16_eabi.lib : strlen.c.obj (.text:strlen)
                  0007bc24    00000014     lwiplib.obj (.text:sys_arch_unprotect)
                  0007bc38    00000014     lwiplib.obj (.text:tcp_close)
                  0007bc4c    00000014     port.obj (.text:vPortSetupTimerInterrupt)
                  0007bc60    00000012     driverlib.lib : gpio.obj (.text:GPIOPinTypeEthernetLED)
                  0007bc72    00000012     lwiplib.obj (.text:dhcp_option_byte)
                  0007bc84    00000012     lwiplib.obj (.text:netif_set_link_down)
                  0007bc96    00000012     lwiplib.obj (.text:pbuf_clen)
                  0007bca8    00000012     tasks.obj (.text:prvDeleteTCB)
                  0007bcba    00000012     lwiplib.obj (.text:tcp_segs_free)
                  0007bccc    00000010     driverlib.lib : emac.obj (.text:EMACFrameFilterSet)
                  0007bcdc    00000010                   : interrupt.obj (.text:IntMasterEnable)
                  0007bcec    00000010                   : systick.obj (.text:SysTickPeriodSet)
                  0007bcfc    00000010     lwiplib.obj (.text:autoip_stop)
                  0007bd0c    00000010     lwiplib.obj (.text:dhcp_set_state)
                  0007bd1c    00000010     lwiplib.obj (.text:inet_chksum)
                  0007bd2c    00000010     lwiplib.obj (.text:lwip_init)
                  0007bd3c    00000010     lwiplib.obj (.text:pbuf_chain)
                  0007bd4c    00000010     port.obj (.text:prvTaskExitError)
                  0007bd5c    00000010     lwiplib.obj (.text:sys_arch_protect)
                  0007bd6c    00000010     tasks.obj (.text:vTaskSuspendAll)
                  0007bd7c    0000000e     rtsv7M4_T_le_v4SPD16_eabi.lib : copy_decompress_none.c.obj (.text:decompress:none:__TI_decompress_none)
                  0007bd8a    0000000c     driverlib.lib : cpu.obj (.text:CPUcpsie)
                  0007bd96    00000002     --HOLE-- [fill = 0]
                  0007bd98    0000000c                   : sysctl.obj (.text:SysCtlMOSCConfigSet)
                  0007bda4    0000000c     lwiplib.obj (.text:autoip_restart)
                  0007bdb0    0000000c     rtsv7M4_T_le_v4SPD16_eabi.lib : copy_zero_init.c.obj (.text:decompress:ZI:__TI_zero_init)
                  0007bdbc    0000000c     httpd.obj (.text:httpd_init)
                  0007bdc8    0000000c     io.obj (.text:io_get_animation_speed)
                  0007bdd4    0000000c     lwiplib.obj (.text:lwip_htons)
                  0007bde0    0000000c     lwiplib.obj (.text:netif_set_default)
                  0007bdec    0000000c     lwiplib.obj (.text:netif_set_gw)
                  0007bdf8    0000000c     lwiplib.obj (.text:netif_set_netmask)
                  0007be04    0000000c     lwiplib.obj (.text:sys_now)
                  0007be10    0000000c     tasks.obj (.text:vTaskMissedYield)
                  0007be1c    0000000c     tasks.obj (.text:xTaskGetTickCount)
                  0007be28    0000000a     lwiplib.obj (.text:tcp_poll)
                  0007be32    00000008     driverlib.lib : emac.obj (.text:EMACPowerManagementStatusGet)
                  0007be3a    00000008                   : emac.obj (.text:EMACTxDMAPollDemand)
                  0007be42    00000008     io_fs.obj (.text:fs_bytes_left)
                  0007be4a    00000008     httpd.obj (.text:http_err)
                  0007be52    00000008     lwiplib.obj (.text:icmp_dest_unreach)
                  0007be5a    00000006     driverlib.lib : emac.obj (.text:EMACRxDMADescriptorListSet)
                  0007be60    00000006                   : emac.obj (.text:EMACTimestampIntStatus)
                  0007be66    00000006                   : emac.obj (.text:EMACTxDMADescriptorListSet)
                  0007be6c    00000006                   : gpio.obj (.text:GPIOPinRead)
                  0007be72    00000006                   : gpio.obj (.text:GPIOPinWrite)
                  0007be78    00000006     startup_ccs.obj (.text:ResetISR)
                  0007be7e    00000006     driverlib.lib : sysctl.obj (.text:SysCtlDelay)
                  0007be84    00000006     lwiplib.obj (.text:tcp_abort)
                  0007be8a    00000006     lwiplib.obj (.text:tcp_accept_null)
                  0007be90    00000006     lwiplib.obj (.text:tcp_err)
                  0007be96    00000006     lwiplib.obj (.text:tcp_new)
                  0007be9c    00000006     lwiplib.obj (.text:tcp_recv)
                  0007bea2    00000006     lwiplib.obj (.text:udp_recv)
                  0007bea8    00000006     list.obj (.text:vListInitialiseItem)
                  0007beae    00000004     driverlib.lib : timer.obj (.text:TimerIntClear)
                  0007beb2    00000004     rtsv7M4_T_le_v4SPD16_eabi.lib : pre_init.c.obj (.text:_system_pre_init)
                  0007beb6    00000004                                   : exit.c.obj (.text:abort:abort)
                  0007beba    00000004     io_fs.obj (.text:fs_close)
                  0007bebe    00000004     lwiplib.obj (.text:tcp_accept)
                  0007bec2    00000004     lwiplib.obj (.text:tcp_arg)
                  0007bec6    00000004     lwiplib.obj (.text:tcp_sent)
                  0007beca    00000004     lwiplib.obj (.text:tcp_setprio)

.cinit     0    0007bed0    00000070     
                  0007bed0    0000004b     (.cinit..data.load) [load image, compression = lzss]
                  0007bf1b    00000001     --HOLE-- [fill = 0]
                  0007bf1c    0000000c     (__TI_handler_table)
                  0007bf28    00000008     (.cinit..bss.load) [load image, compression = zero_init]
                  0007bf30    00000010     (__TI_cinit_table)

.init_array 
*          0    00000000    00000000     UNINITIALIZED

.bss       0    20000000    000240aa     UNINITIALIZED
                  20000000    0001001c     (.common:ram_heap)
                  2001001c    0000c350     heap_2.obj (.bss:ucHeap)
                  2001c36c    000073d4     lwiplib.obj (.bss:memp_memory)
                  20023740    00000360     (.common:g_pTxDescriptors)
                  20023aa0    00000120     (.common:g_pRxDescriptors)
                  20023bc0    00000120     (.common:lwip_stats)
                  20023ce0    000000c8     lwiplib.obj (.bss:arp_table)
                  20023da8    00000064     tasks.obj (.bss:pxReadyTasksLists)
                  20023e0c    00000054     locator.obj (.bss:g_pui8LocatorData)
                  20023e60    00000050     lwiplib.obj (.bss)
                  20023eb0    00000040     (.common:xQueueRegistry)
                  20023ef0    00000038     lwiplib.obj (.bss:g_sNetIF)
                  20023f28    00000028     (.common:dhcp_rx_options_val)
                  20023f50    00000020     lwiplib.obj (.bss:memp_tab)
                  20023f70    00000014     timers.obj (.bss:xActiveTimerList1)
                  20023f84    00000014     timers.obj (.bss:xActiveTimerList2)
                  20023f98    00000014     tasks.obj (.bss:xDelayedTaskList1)
                  20023fac    00000014     tasks.obj (.bss:xDelayedTaskList2)
                  20023fc0    00000014     tasks.obj (.bss:xPendingReadyList)
                  20023fd4    00000014     tasks.obj (.bss:xSuspendedTaskList)
                  20023fe8    00000014     tasks.obj (.bss:xTasksWaitingTermination)
                  20023ffc    00000010     lwiplib.obj (.bss:inseg)
                  2002400c    0000000c     (.common:dhcp_rx_options_given)
                  20024018    00000008     io_fs.obj (.bss:pcBuf$3)
                  20024020    00000008     io_fs.obj (.bss:pcBuf$4)
                  20024028    00000008     tasks.obj (.bss)
                  20024030    00000008     timers.obj (.bss)
                  20024038    00000008     heap_2.obj (.bss:xEnd)
                  20024040    00000008     heap_2.obj (.bss:xStart)
                  20024048    00000004     enet_io.obj (.bss)
                  2002404c    00000004     io_fs.obj (.bss:pcBuf$1)
                  20024050    00000004     io_fs.obj (.bss:pcBuf$2)
                  20024054    00000004     (.common:current_header)
                  20024058    00000004     (.common:current_iphdr_dest)
                  2002405c    00000004     (.common:current_iphdr_src)
                  20024060    00000004     (.common:current_netif)
                  20024064    00000004     (.common:g_iNumCGIs)
                  20024068    00000004     (.common:g_pCGIs)
                  2002406c    00000004     (.common:g_pfnTimerHandler)
                  20024070    00000004     (.common:g_ui32AbnormalInts)
                  20024074    00000004     (.common:g_ui32IPAddress)
                  20024078    00000004     (.common:g_ui32NormalInts)
                  2002407c    00000004     (.common:g_ui32SysClock)
                  20024080    00000004     (.common:netif_default)
                  20024084    00000004     (.common:netif_list)
                  20024088    00000004     (.common:tcp_active_pcbs)
                  2002408c    00000004     (.common:tcp_bound_pcbs)
                  20024090    00000004     (.common:tcp_input_pcb)
                  20024094    00000004     (.common:tcp_listen_pcbs)
                  20024098    00000004     (.common:tcp_ticks)
                  2002409c    00000004     (.common:tcp_tmp_pcb)
                  200240a0    00000004     (.common:tcp_tw_pcbs)
                  200240a4    00000004     (.common:udp_pcbs)
                  200240a8    00000001     (.common:pbuf_free_ooseq_pending)
                  200240a9    00000001     (.common:tcp_active_pcbs_changed)

.data      0    200244b0    000000d8     UNINITIALIZED
                  200244b0    00000038     lwiplib.obj (.data)
                  200244e8    00000034     tasks.obj (.data)
                  2002451c    00000010     lwiplib.obj (.data:g_RxDescList)
                  2002452c    00000010     lwiplib.obj (.data:g_TxDescList)
                  2002453c    0000000c     lwiplib.obj (.data:g_StellarisIFData)
                  20024548    0000000c     enet_io.obj (.data:g_pcConfigSSITags)
                  20024554    0000000c     httpd.obj (.data)
                  20024560    0000000c     timers.obj (.data)
                  2002456c    00000008     heap_2.obj (.data)
                  20024574    00000005     uartstdio.obj (.data)
                  20024579    00000003     --HOLE--
                  2002457c    00000004     enet_io.obj (.data)
                  20024580    00000004     io.obj (.data)
                  20024584    00000004     port.obj (.data)

.stack     0    200240b0    00000400     UNINITIALIZED
                  200240b0    00000004     rtsv7M4_T_le_v4SPD16_eabi.lib : boot_cortex_m.c.obj (.stack)
                  200240b4    000003fc     --HOLE--

MODULE SUMMARY

       Module                       code    ro data   rw data
       ------                       ----    -------   -------
    .\
       io_fs.obj                    358     464293    24     
       enet_io.obj                  1404    72        28     
       startup_ccs.obj              12      512       0      
       io.obj                       440     0         4      
       cgifuncs.obj                 434     0         0      
    +--+----------------------------+-------+---------+---------+
       Total:                       2648    464877    56     
                                                             
    .\FreeRTOS\
       tasks.obj                    2204    0         260    
       queue.obj                    1252    0         64     
       timers.obj                   828     0         60     
       list.obj                     144     0         0      
    +--+----------------------------+-------+---------+---------+
       Total:                       4428    0         384    
                                                             
    .\FreeRTOS\portable\CCS\ARM_CM4F\
       port.obj                     240     4         4      
       portasm.obj                  210     0         0      
    +--+----------------------------+-------+---------+---------+
       Total:                       450     4         4      
                                                             
    .\FreeRTOS\portable\MemMang\
       heap_2.obj                   284     0         50024  
    +--+----------------------------+-------+---------+---------+
       Total:                       284     0         50024  
                                                             
    .\drivers\
       pinout.obj                   536     0         0      
    +--+----------------------------+-------+---------+---------+
       Total:                       536     0         0      
                                                             
    .\third_party\lwip-1.4.1\apps\httpserver_raw\
       httpd.obj                    3068    1384      20     
    +--+----------------------------+-------+---------+---------+
       Total:                       3068    1384      20     
                                                             
    .\utils\
       lwiplib.obj                  24242   88        97262  
       ustdlib.obj                  747     0         0      
       uartstdio.obj                684     24        5      
       locator.obj                  308     0         84     
    +--+----------------------------+-------+---------+---------+
       Total:                       25981   112       97351  
                                                             
    C:/ti/tivaware_c_series_2_1_4_178/driverlib/ccs/Debug/driverlib.lib
       sysctl.obj                   770     596       0      
       emac.obj                     692     24        0      
       interrupt.obj                156     268       0      
       gpio.obj                     378     0         0      
       systick.obj                  56      0         0      
       flash.obj                    20      0         0      
       cpu.obj                      12      0         0      
       timer.obj                    4       0         0      
    +--+----------------------------+-------+---------+---------+
       Total:                       2088    888       0      
                                                             
    C:\codecomposer\ccsv8\tools\compiler\ti-cgt-arm_18.1.3.LTS\lib\rtsv7M4_T_le_v4SPD16_eabi.lib
       memcpy_t2.asm.obj            156     0         0      
       memset_t2.asm.obj            122     0         0      
       copy_decompress_lzss.c.obj   104     0         0      
       autoinit.c.obj               68      0         0      
       u_divt2.asm.obj              64      0         0      
       boot_cortex_m.c.obj          56      0         0      
       strstr.c.obj                 52      0         0      
       strncmp.c.obj                44      0         0      
       memcmp.c.obj                 36      0         0      
       strcmp.c.obj                 24      0         0      
       strchr.c.obj                 22      0         0      
       strlen.c.obj                 20      0         0      
       copy_decompress_none.c.obj   14      0         0      
       copy_zero_init.c.obj         12      0         0      
       exit.c.obj                   4       0         0      
       pre_init.c.obj               4       0         0      
       div0.asm.obj                 2       0         0      
    +--+----------------------------+-------+---------+---------+
       Total:                       804     0         0      
                                                             
       Stack:                       0       0         1024   
       Linker Generated:            0       111       0      
    +--+----------------------------+-------+---------+---------+
       Grand Total:                 40287   467376    148863 


LINKER GENERATED COPY TABLES

__TI_cinit_table @ 0007bf30 records: 2, size/record: 8, table size: 16
	.data: load addr=0007bed0, load size=0000004b bytes, run addr=200244b0, run size=000000d8 bytes, compression=lzss
	.bss: load addr=0007bf28, load size=00000008 bytes, run addr=20000000, run size=000240aa bytes, compression=zero_init


LINKER GENERATED HANDLER TABLE

__TI_handler_table @ 0007bf1c records: 3, size/record: 4, table size: 12
	index: 0, handler: __TI_decompress_lzss
	index: 1, handler: __TI_decompress_none
	index: 2, handler: __TI_zero_init


GLOBAL SYMBOLS: SORTED ALPHABETICALLY BY Name 

address   name                           
-------   ----                           
0007b2e1  AnimTimerIntHandler            
0007beb7  C$$EXIT                        
0007bd8b  CPUcpsie                       
00078b11  CheckDecimalParam              
0007965b  DecodeFormString               
0007a71f  DecodeHexEscape                
0007a951  DisplayIPAddress               
0007b7b5  EMACAddrGet                    
0007ac99  EMACConfigGet                  
0007a989  EMACConfigSet                  
0007bccd  EMACFrameFilterSet             
0007884d  EMACInit                       
0007accd  EMACIntClear                   
0007a8dd  EMACIntEnable                  
0007b07f  EMACIntStatus                  
0007993d  EMACPHYConfigSet               
0007b3a9  EMACPHYRead                    
0007b3cf  EMACPHYWrite                   
0007be33  EMACPowerManagementStatusGet   
0007babd  EMACReset                      
0007be5b  EMACRxDMADescriptorListSet     
0007bad3  EMACRxEnable                   
0007be61  EMACTimestampIntStatus         
0007be67  EMACTxDMADescriptorListSet     
0007be3b  EMACTxDMAPollDemand            
0007bae9  EMACTxEnable                   
0007aff5  FindCGIParameter               
0007bb99  FlashUserGet                   
0007b20d  GPIODirModeSet                 
000752bb  GPIOPadConfigSet               
0007be6d  GPIOPinRead                    
0007bc61  GPIOPinTypeEthernetLED         
0007be73  GPIOPinWrite                   
0007b0ab  GetCGIParam                    
0007b237  HexDigit                       
00076d49  InitDMADescriptors             
00078e1d  IntEnable                      
0007bcdd  IntMasterEnable                
0007b48d  IntPrioritySet                 
0007b615  IsValidHexDigit                
0007a9c1  LocatorAppTitleSet             
00079bfd  LocatorInit                    
0007b635  LocatorMACAddrSet              
00073f49  PinoutSet                      
0007be79  ResetISR                       
00074161  SysCtlClockFreqSet             
0007be7f  SysCtlDelay                    
0007bd99  SysCtlMOSCConfigSet            
0007a9f9  SysCtlPeripheralReady          
00079d9d  SysCtlPeripheralReset          
0007bbad  SysTickEnable                  
0007bbc1  SysTickIntEnable               
0007bced  SysTickPeriodSet               
0007beaf  TimerIntClear                  
000793c1  UARTStdioConfig                
0007b8d1  UARTprintf                     
00074741  UARTvprintf                    
0007a231  UARTwrite                      
200244b0  __STACK_END                    
00000400  __STACK_SIZE                   
200244b0  __STACK_TOP                    
0007bf30  __TI_CINIT_Base                
0007bf40  __TI_CINIT_Limit               
0007bf1c  __TI_Handler_Table_Base        
0007bf28  __TI_Handler_Table_Limit       
0007a549  __TI_auto_init_nobinit_nopinit 
00078e85  __TI_decompress_lzss           
0007bd7d  __TI_decompress_none           
ffffffff  __TI_pprof_out_hndl            
ffffffff  __TI_prof_data_size            
ffffffff  __TI_prof_data_start           
00000000  __TI_static_base__             
0007bdb1  __TI_zero_init                 
00076a13  __aeabi_idiv0                  
00076a13  __aeabi_ldiv0                  
00078755  __aeabi_memclr                 
00078755  __aeabi_memclr4                
00078755  __aeabi_memclr8                
00077991  __aeabi_memcpy                 
00077991  __aeabi_memcpy4                
00077991  __aeabi_memcpy8                
00078757  __aeabi_memset                 
00078757  __aeabi_memset4                
00078757  __aeabi_memset8                
0007a7a1  __aeabi_uidiv                  
0007a7a1  __aeabi_uidivmod               
ffffffff  __binit__                      
ffffffff  __c_args__                     
UNDEFED   __mpu_init                     
200240b0  __stack                        
0007aa31  _c_int00_noargs                
UNDEFED   _system_post_cinit             
0007beb3  _system_pre_init               
0007beb7  abort                          
00078469  autoip_arp_reply               
0007b8eb  autoip_network_changed         
000799ed  autoip_start                   
0007bcfd  autoip_stop                    
00076799  autoip_tmr                     
ffffffff  binit                          
0007b105  configureController            
00074dad  configureEthernet              
20024054  current_header                 
20024058  current_iphdr_dest             
2002405c  current_iphdr_src              
20024060  current_netif                  
000796b9  demoSerialTask                 
0007b905  dhcp_arp_reply                 
0007a8a1  dhcp_coarse_tmr                
0007aa69  dhcp_fine_tmr                  
0007a659  dhcp_network_changed           
00077519  dhcp_release                   
000781e9  dhcp_renew                     
2002400c  dhcp_rx_options_given          
20023f28  dhcp_rx_options_val            
000775c1  dhcp_start                     
0007aad9  dhcp_stop                      
0007b309  etharp_cleanup_netif           
0007575d  etharp_output                  
00075879  etharp_query                   
00076509  etharp_raw                     
0007b15d  etharp_request                 
0007a761  etharp_tmr                     
0007212f  ethbroadcast                   
0007ad35  ethernetTask                   
00077315  ethernet_input                 
00072135  ethzero                        
00071f54  file_404_htm                   
00071f68  file_about_htm                 
00071f7c  file_block_htm                 
00071f90  file_block_jpg                 
00071fa4  file_block_tm4c129e_jpg        
00071fb8  file_ek_tm4c1294xl_jpg         
00071fcc  file_favicon_ico               
00071fe0  file_index_htm                 
00071ff4  file_io_cgi_ssi                
00072008  file_io_http_htm               
0007201c  file_javascript_js             
00072030  file_javascript_load_js        
00072044  file_overview_htm              
00072058  file_perror_htm                
0007206c  file_styles_css                
00072080  file_ti_jpg                    
00072094  file_tm4c_jpg                  
0007be43  fs_bytes_left                  
0007bebb  fs_close                       
0007563d  fs_open                        
0007a917  fs_read                        
2002451c  g_RxDescList                   
2002452c  g_TxDescList                   
20024064  g_iNumCGIs                     
20024558  g_iNumTags                     
20024068  g_pCGIs                        
20023aa0  g_pRxDescriptors               
20023740  g_pTxDescriptors               
000720a8  g_pcSSIExtensions              
20024554  g_pfnSSIHandler                
2002406c  g_pfnTimerHandler              
00000000  g_pfnVectors                   
2002455c  g_ppcTags                      
00071f14  g_psDefaultFilenames           
20024070  g_ui32AbnormalInts             
20024074  g_ui32IPAddress                
200244b4  g_ui32LocalTimer               
20024078  g_ui32NormalInts               
2002407c  g_ui32SysClock                 
20024580  g_ulAnimSpeed                  
0007bbd5  http_set_cgi_handlers          
0007b7f1  http_set_ssi_handler           
0007bdbd  httpd_init                     
0007be53  icmp_dest_unreach              
0007492d  icmp_input                     
0007bd1d  inet_chksum                    
00079fcb  inet_chksum_pbuf               
000777b5  inet_chksum_pseudo             
0007bdc9  io_get_animation_speed         
0007b9cd  io_get_animation_speed_string  
0007ab49  io_get_ledstate                
00077fdd  io_init                        
0007b4d5  io_is_led_on                   
0007bbe9  io_set_animation_speed         
0007ad9d  io_set_animation_speed_string  
0007b80d  io_set_led                     
0007aea1  ip4_addr_isbroadcast           
0007213c  ip_addr_any                    
00072140  ip_addr_broadcast              
00074361  ip_input                       
0007a351  ip_output                      
00076089  ip_output_if                   
0007a069  ip_route                       
00078269  lwIPEthernetIntHandler         
00077101  lwIPHostTimerHandler           
00076171  lwIPInit                       
0007b829  lwIPLocalIPAddrGet             
0007b6d5  lwIPTimer                      
0007b91f  lwip_htonl                     
0007bdd5  lwip_htons                     
0007bd2d  lwip_init                      
0007b91f  lwip_ntohl                     
0007bdd5  lwip_ntohs                     
20023bc0  lwip_stats                     
000778f5  main                           
00078bf5  mem_free                       
00079715  mem_init                       
00075db5  mem_malloc                     
00076259  mem_trim                       
0007b4f9  memcmp                         
00077991  memcpy                         
0007ab81  memp_free                      
00078db1  memp_init                      
00079a9d  memp_malloc                    
0007875d  memset                         
00079e8d  netif_add                      
20024080  netif_default                  
20024084  netif_list                     
0007b845  netif_set_addr                 
0007bde1  netif_set_default              
0007b7d3  netif_set_down                 
0007bded  netif_set_gw                   
00079025  netif_set_ipaddr               
0007bc85  netif_set_link_down            
0007a861  netif_set_link_up              
0007bdf9  netif_set_netmask              
0007b51d  netif_set_up                   
00075181  pbuf_alloc                     
0007b28b  pbuf_cat                       
0007bd3d  pbuf_chain                     
0007bc97  pbuf_clen                      
00077bf9  pbuf_copy                      
0007922d  pbuf_copy_partial              
0007a019  pbuf_free                      
200240a8  pbuf_free_ooseq_pending        
000792f9  pbuf_header                    
000798e1  pbuf_realloc                   
0007bb57  pbuf_ref                       
00077669  pvPortMalloc                   
0007b9fd  pvTaskIncrementMutexHeldCount  
200244e8  pxCurrentTCB                   
0007b189  pxPortInitialiseStack          
20000000  ram_heap                       
00078a29  raw_input                      
0007bb6d  strchr                         
0007ba15  strcmp                         
0007bc11  strlen                         
0007b1b5  strncmp                        
0007add1  strstr                         
0007bd5d  sys_arch_protect               
0007bc25  sys_arch_unprotect             
0007be05  sys_now                        
0007908d  sys_timeout                    
00079edd  sys_timeouts_init              
00077c8d  tcp_abandon                    
0007be85  tcp_abort                      
0007bebf  tcp_accept                     
20024088  tcp_active_pcbs                
200240a9  tcp_active_pcbs_changed        
00076ae5  tcp_alloc                      
0007bec3  tcp_arg                        
000720f8  tcp_backoff                    
000785e1  tcp_bind                       
2002408c  tcp_bound_pcbs                 
0007bc39  tcp_close                      
0007b715  tcp_eff_send_mss               
000773c1  tcp_enqueue_flags              
0007be91  tcp_err                        
00078cd5  tcp_fasttmr                    
00072d9d  tcp_input                      
20024090  tcp_input_pcb                  
000797cd  tcp_keepalive                  
20024094  tcp_listen_pcbs                
00077a2d  tcp_listen_with_backlog        
0007be97  tcp_new                        
0007ba2d  tcp_next_iss                   
00074ad1  tcp_output                     
000720e8  tcp_pcb_lists                  
0007a6dd  tcp_pcb_purge                  
00079829  tcp_pcb_remove                 
00072128  tcp_persist_backoff            
0007be29  tcp_poll                       
0007915d  tcp_process_refused_data       
0007be9d  tcp_recv                       
0007b467  tcp_recv_null                  
0007aed3  tcp_recved                     
00079ba5  tcp_rexmit                     
0007a429  tcp_rexmit_fast                
0007b023  tcp_rexmit_rto                 
00077d1d  tcp_rst                        
0007b565  tcp_seg_copy                   
0007ba45  tcp_seg_free                   
0007bcbb  tcp_segs_free                  
00079885  tcp_send_empty_ack             
0007a501  tcp_send_fin                   
0007bec7  tcp_sent                       
0007becb  tcp_setprio                    
00073805  tcp_slowtmr                    
20024098  tcp_ticks                      
0007ae39  tcp_timer_needed               
2002409c  tcp_tmp_pcb                    
0007b735  tcp_tmr                        
200240a0  tcp_tw_pcbs                    
0007af65  tcp_update_rcv_ann_wnd         
0007351d  tcp_write                      
0007746d  tcp_zero_window_probe          
0007ba5d  testTask                       
0007ae6d  tivaif_init                    
0007a101  tivaif_interrupt               
000786d9  tivaif_process_phy_interrupt   
000791c5  udp_bind                       
0007a14d  udp_connect                    
00074551  udp_input                      
0007b87d  udp_new                        
200240a4  udp_pcbs                       
0007bea3  udp_recv                       
0007af95  udp_remove                     
0007abf1  udp_sendto                     
00076341  udp_sendto_if                  
00072144  ulMaxSyscallInterruptPriority  
00076951  ulPortGetIPSR                  
0007b953  usnprintf                      
0007b755  usprintf                       
0007ac61  ustrncmp                       
0007b2b5  ustrncpy                       
00073acd  uvsnprintf                     
0007b589  uxListRemove                   
0007bb83  vListInitialise                
0007bea9  vListInitialiseItem            
0007ac29  vListInsert                    
0007ba75  vListInsertEnd                 
00076a05  vPortEnableVFP                 
0007b899  vPortEnterCritical             
0007ba8d  vPortExitCritical              
0007a5d1  vPortFree                      
000769c9  vPortSVCHandler                
0007bc4d  vPortSetupTimerInterrupt       
000769e9  vPortStartFirstTask            
0007b775  vQueueAddToRegistry            
0007a4b9  vQueueWaitForMessageRestricted 
0007afc5  vTaskDelay                     
0007be11  vTaskMissedYield               
0007b8b5  vTaskPlaceOnEventList          
0007b5ad  vTaskPlaceOnEventListRestricted
00077dad  vTaskPriorityInherit           
0007baa5  vTaskSetTimeOutState           
0007935d  vTaskStartScheduler            
0007bd6d  vTaskSuspendAll                
00079b4d  vTaskSwitchContext             
2002457c  x                              
00076969  xPortPendSVHandler             
0007a7e1  xPortStartScheduler            
0007b1e1  xPortSysTickHandler            
0007b051  xQueueGenericCreate            
000753ed  xQueueGenericReceive           
000783e9  xQueueGenericReset             
00075ead  xQueueGenericSend              
0007959f  xQueueGenericSendFromISR       
20023eb0  xQueueRegistry                 
00079ca5  xTaskCheckForTimeOut           
000795fd  xTaskCreate                    
0007b795  xTaskGetSchedulerState         
0007be1d  xTaskGetTickCount              
00075cb5  xTaskIncrementTick             
000788c5  xTaskPriorityDisinherit        
00078a9d  xTaskRemoveFromEventList       
000765e5  xTaskResumeAll                 
0007a821  xTimerCreateTimerTask          
0007a615  xTimerGenericCommand           


GLOBAL SYMBOLS: SORTED BY Symbol Address 

address   name                           
-------   ----                           
00000000  __TI_static_base__             
00000000  g_pfnVectors                   
00000400  __STACK_SIZE                   
00071f14  g_psDefaultFilenames           
00071f54  file_404_htm                   
00071f68  file_about_htm                 
00071f7c  file_block_htm                 
00071f90  file_block_jpg                 
00071fa4  file_block_tm4c129e_jpg        
00071fb8  file_ek_tm4c1294xl_jpg         
00071fcc  file_favicon_ico               
00071fe0  file_index_htm                 
00071ff4  file_io_cgi_ssi                
00072008  file_io_http_htm               
0007201c  file_javascript_js             
00072030  file_javascript_load_js        
00072044  file_overview_htm              
00072058  file_perror_htm                
0007206c  file_styles_css                
00072080  file_ti_jpg                    
00072094  file_tm4c_jpg                  
000720a8  g_pcSSIExtensions              
000720e8  tcp_pcb_lists                  
000720f8  tcp_backoff                    
00072128  tcp_persist_backoff            
0007212f  ethbroadcast                   
00072135  ethzero                        
0007213c  ip_addr_any                    
00072140  ip_addr_broadcast              
00072144  ulMaxSyscallInterruptPriority  
00072d9d  tcp_input                      
0007351d  tcp_write                      
00073805  tcp_slowtmr                    
00073acd  uvsnprintf                     
00073f49  PinoutSet                      
00074161  SysCtlClockFreqSet             
00074361  ip_input                       
00074551  udp_input                      
00074741  UARTvprintf                    
0007492d  icmp_input                     
00074ad1  tcp_output                     
00074dad  configureEthernet              
00075181  pbuf_alloc                     
000752bb  GPIOPadConfigSet               
000753ed  xQueueGenericReceive           
0007563d  fs_open                        
0007575d  etharp_output                  
00075879  etharp_query                   
00075cb5  xTaskIncrementTick             
00075db5  mem_malloc                     
00075ead  xQueueGenericSend              
00076089  ip_output_if                   
00076171  lwIPInit                       
00076259  mem_trim                       
00076341  udp_sendto_if                  
00076509  etharp_raw                     
000765e5  xTaskResumeAll                 
00076799  autoip_tmr                     
00076951  ulPortGetIPSR                  
00076969  xPortPendSVHandler             
000769c9  vPortSVCHandler                
000769e9  vPortStartFirstTask            
00076a05  vPortEnableVFP                 
00076a13  __aeabi_idiv0                  
00076a13  __aeabi_ldiv0                  
00076ae5  tcp_alloc                      
00076d49  InitDMADescriptors             
00077101  lwIPHostTimerHandler           
00077315  ethernet_input                 
000773c1  tcp_enqueue_flags              
0007746d  tcp_zero_window_probe          
00077519  dhcp_release                   
000775c1  dhcp_start                     
00077669  pvPortMalloc                   
000777b5  inet_chksum_pseudo             
000778f5  main                           
00077991  __aeabi_memcpy                 
00077991  __aeabi_memcpy4                
00077991  __aeabi_memcpy8                
00077991  memcpy                         
00077a2d  tcp_listen_with_backlog        
00077bf9  pbuf_copy                      
00077c8d  tcp_abandon                    
00077d1d  tcp_rst                        
00077dad  vTaskPriorityInherit           
00077fdd  io_init                        
000781e9  dhcp_renew                     
00078269  lwIPEthernetIntHandler         
000783e9  xQueueGenericReset             
00078469  autoip_arp_reply               
000785e1  tcp_bind                       
000786d9  tivaif_process_phy_interrupt   
00078755  __aeabi_memclr                 
00078755  __aeabi_memclr4                
00078755  __aeabi_memclr8                
00078757  __aeabi_memset                 
00078757  __aeabi_memset4                
00078757  __aeabi_memset8                
0007875d  memset                         
0007884d  EMACInit                       
000788c5  xTaskPriorityDisinherit        
00078a29  raw_input                      
00078a9d  xTaskRemoveFromEventList       
00078b11  CheckDecimalParam              
00078bf5  mem_free                       
00078cd5  tcp_fasttmr                    
00078db1  memp_init                      
00078e1d  IntEnable                      
00078e85  __TI_decompress_lzss           
00079025  netif_set_ipaddr               
0007908d  sys_timeout                    
0007915d  tcp_process_refused_data       
000791c5  udp_bind                       
0007922d  pbuf_copy_partial              
000792f9  pbuf_header                    
0007935d  vTaskStartScheduler            
000793c1  UARTStdioConfig                
0007959f  xQueueGenericSendFromISR       
000795fd  xTaskCreate                    
0007965b  DecodeFormString               
000796b9  demoSerialTask                 
00079715  mem_init                       
000797cd  tcp_keepalive                  
00079829  tcp_pcb_remove                 
00079885  tcp_send_empty_ack             
000798e1  pbuf_realloc                   
0007993d  EMACPHYConfigSet               
000799ed  autoip_start                   
00079a9d  memp_malloc                    
00079b4d  vTaskSwitchContext             
00079ba5  tcp_rexmit                     
00079bfd  LocatorInit                    
00079ca5  xTaskCheckForTimeOut           
00079d9d  SysCtlPeripheralReset          
00079e8d  netif_add                      
00079edd  sys_timeouts_init              
00079fcb  inet_chksum_pbuf               
0007a019  pbuf_free                      
0007a069  ip_route                       
0007a101  tivaif_interrupt               
0007a14d  udp_connect                    
0007a231  UARTwrite                      
0007a351  ip_output                      
0007a429  tcp_rexmit_fast                
0007a4b9  vQueueWaitForMessageRestricted 
0007a501  tcp_send_fin                   
0007a549  __TI_auto_init_nobinit_nopinit 
0007a5d1  vPortFree                      
0007a615  xTimerGenericCommand           
0007a659  dhcp_network_changed           
0007a6dd  tcp_pcb_purge                  
0007a71f  DecodeHexEscape                
0007a761  etharp_tmr                     
0007a7a1  __aeabi_uidiv                  
0007a7a1  __aeabi_uidivmod               
0007a7e1  xPortStartScheduler            
0007a821  xTimerCreateTimerTask          
0007a861  netif_set_link_up              
0007a8a1  dhcp_coarse_tmr                
0007a8dd  EMACIntEnable                  
0007a917  fs_read                        
0007a951  DisplayIPAddress               
0007a989  EMACConfigSet                  
0007a9c1  LocatorAppTitleSet             
0007a9f9  SysCtlPeripheralReady          
0007aa31  _c_int00_noargs                
0007aa69  dhcp_fine_tmr                  
0007aad9  dhcp_stop                      
0007ab49  io_get_ledstate                
0007ab81  memp_free                      
0007abf1  udp_sendto                     
0007ac29  vListInsert                    
0007ac61  ustrncmp                       
0007ac99  EMACConfigGet                  
0007accd  EMACIntClear                   
0007ad35  ethernetTask                   
0007ad9d  io_set_animation_speed_string  
0007add1  strstr                         
0007ae39  tcp_timer_needed               
0007ae6d  tivaif_init                    
0007aea1  ip4_addr_isbroadcast           
0007aed3  tcp_recved                     
0007af65  tcp_update_rcv_ann_wnd         
0007af95  udp_remove                     
0007afc5  vTaskDelay                     
0007aff5  FindCGIParameter               
0007b023  tcp_rexmit_rto                 
0007b051  xQueueGenericCreate            
0007b07f  EMACIntStatus                  
0007b0ab  GetCGIParam                    
0007b105  configureController            
0007b15d  etharp_request                 
0007b189  pxPortInitialiseStack          
0007b1b5  strncmp                        
0007b1e1  xPortSysTickHandler            
0007b20d  GPIODirModeSet                 
0007b237  HexDigit                       
0007b28b  pbuf_cat                       
0007b2b5  ustrncpy                       
0007b2e1  AnimTimerIntHandler            
0007b309  etharp_cleanup_netif           
0007b3a9  EMACPHYRead                    
0007b3cf  EMACPHYWrite                   
0007b467  tcp_recv_null                  
0007b48d  IntPrioritySet                 
0007b4d5  io_is_led_on                   
0007b4f9  memcmp                         
0007b51d  netif_set_up                   
0007b565  tcp_seg_copy                   
0007b589  uxListRemove                   
0007b5ad  vTaskPlaceOnEventListRestricted
0007b615  IsValidHexDigit                
0007b635  LocatorMACAddrSet              
0007b6d5  lwIPTimer                      
0007b715  tcp_eff_send_mss               
0007b735  tcp_tmr                        
0007b755  usprintf                       
0007b775  vQueueAddToRegistry            
0007b795  xTaskGetSchedulerState         
0007b7b5  EMACAddrGet                    
0007b7d3  netif_set_down                 
0007b7f1  http_set_ssi_handler           
0007b80d  io_set_led                     
0007b829  lwIPLocalIPAddrGet             
0007b845  netif_set_addr                 
0007b87d  udp_new                        
0007b899  vPortEnterCritical             
0007b8b5  vTaskPlaceOnEventList          
0007b8d1  UARTprintf                     
0007b8eb  autoip_network_changed         
0007b905  dhcp_arp_reply                 
0007b91f  lwip_htonl                     
0007b91f  lwip_ntohl                     
0007b953  usnprintf                      
0007b9cd  io_get_animation_speed_string  
0007b9fd  pvTaskIncrementMutexHeldCount  
0007ba15  strcmp                         
0007ba2d  tcp_next_iss                   
0007ba45  tcp_seg_free                   
0007ba5d  testTask                       
0007ba75  vListInsertEnd                 
0007ba8d  vPortExitCritical              
0007baa5  vTaskSetTimeOutState           
0007babd  EMACReset                      
0007bad3  EMACRxEnable                   
0007bae9  EMACTxEnable                   
0007bb57  pbuf_ref                       
0007bb6d  strchr                         
0007bb83  vListInitialise                
0007bb99  FlashUserGet                   
0007bbad  SysTickEnable                  
0007bbc1  SysTickIntEnable               
0007bbd5  http_set_cgi_handlers          
0007bbe9  io_set_animation_speed         
0007bc11  strlen                         
0007bc25  sys_arch_unprotect             
0007bc39  tcp_close                      
0007bc4d  vPortSetupTimerInterrupt       
0007bc61  GPIOPinTypeEthernetLED         
0007bc85  netif_set_link_down            
0007bc97  pbuf_clen                      
0007bcbb  tcp_segs_free                  
0007bccd  EMACFrameFilterSet             
0007bcdd  IntMasterEnable                
0007bced  SysTickPeriodSet               
0007bcfd  autoip_stop                    
0007bd1d  inet_chksum                    
0007bd2d  lwip_init                      
0007bd3d  pbuf_chain                     
0007bd5d  sys_arch_protect               
0007bd6d  vTaskSuspendAll                
0007bd7d  __TI_decompress_none           
0007bd8b  CPUcpsie                       
0007bd99  SysCtlMOSCConfigSet            
0007bdb1  __TI_zero_init                 
0007bdbd  httpd_init                     
0007bdc9  io_get_animation_speed         
0007bdd5  lwip_htons                     
0007bdd5  lwip_ntohs                     
0007bde1  netif_set_default              
0007bded  netif_set_gw                   
0007bdf9  netif_set_netmask              
0007be05  sys_now                        
0007be11  vTaskMissedYield               
0007be1d  xTaskGetTickCount              
0007be29  tcp_poll                       
0007be33  EMACPowerManagementStatusGet   
0007be3b  EMACTxDMAPollDemand            
0007be43  fs_bytes_left                  
0007be53  icmp_dest_unreach              
0007be5b  EMACRxDMADescriptorListSet     
0007be61  EMACTimestampIntStatus         
0007be67  EMACTxDMADescriptorListSet     
0007be6d  GPIOPinRead                    
0007be73  GPIOPinWrite                   
0007be79  ResetISR                       
0007be7f  SysCtlDelay                    
0007be85  tcp_abort                      
0007be91  tcp_err                        
0007be97  tcp_new                        
0007be9d  tcp_recv                       
0007bea3  udp_recv                       
0007bea9  vListInitialiseItem            
0007beaf  TimerIntClear                  
0007beb3  _system_pre_init               
0007beb7  C$$EXIT                        
0007beb7  abort                          
0007bebb  fs_close                       
0007bebf  tcp_accept                     
0007bec3  tcp_arg                        
0007bec7  tcp_sent                       
0007becb  tcp_setprio                    
0007bf1c  __TI_Handler_Table_Base        
0007bf28  __TI_Handler_Table_Limit       
0007bf30  __TI_CINIT_Base                
0007bf40  __TI_CINIT_Limit               
20000000  ram_heap                       
20023740  g_pTxDescriptors               
20023aa0  g_pRxDescriptors               
20023bc0  lwip_stats                     
20023eb0  xQueueRegistry                 
20023f28  dhcp_rx_options_val            
2002400c  dhcp_rx_options_given          
20024054  current_header                 
20024058  current_iphdr_dest             
2002405c  current_iphdr_src              
20024060  current_netif                  
20024064  g_iNumCGIs                     
20024068  g_pCGIs                        
2002406c  g_pfnTimerHandler              
20024070  g_ui32AbnormalInts             
20024074  g_ui32IPAddress                
20024078  g_ui32NormalInts               
2002407c  g_ui32SysClock                 
20024080  netif_default                  
20024084  netif_list                     
20024088  tcp_active_pcbs                
2002408c  tcp_bound_pcbs                 
20024090  tcp_input_pcb                  
20024094  tcp_listen_pcbs                
20024098  tcp_ticks                      
2002409c  tcp_tmp_pcb                    
200240a0  tcp_tw_pcbs                    
200240a4  udp_pcbs                       
200240a8  pbuf_free_ooseq_pending        
200240a9  tcp_active_pcbs_changed        
200240b0  __stack                        
200244b0  __STACK_END                    
200244b0  __STACK_TOP                    
200244b4  g_ui32LocalTimer               
200244e8  pxCurrentTCB                   
2002451c  g_RxDescList                   
2002452c  g_TxDescList                   
20024554  g_pfnSSIHandler                
20024558  g_iNumTags                     
2002455c  g_ppcTags                      
2002457c  x                              
20024580  g_ulAnimSpeed                  
ffffffff  __TI_pprof_out_hndl            
ffffffff  __TI_prof_data_size            
ffffffff  __TI_prof_data_start           
ffffffff  __binit__                      
ffffffff  __c_args__                     
ffffffff  binit                          
UNDEFED   __mpu_init                     
UNDEFED   _system_post_cinit             

[366 symbols]
