******************************************************************************
                  TI ARM Linker PC v18.1.3                     
******************************************************************************
>> Linked Fri Nov 16 11:48:48 2018

OUTPUT FILE NAME:   <enet_io.out>
ENTRY POINT SYMBOL: "_c_int00_noargs"  address: 0007ab0d


MEMORY CONFIGURATION

         name            origin    length      used     unused   attr    fill
----------------------  --------  ---------  --------  --------  ----  --------
  FLASH                 00000000   00100000  0007c032  00083fce  R  X
  SRAM                  20000000   00040000  00024582  0001ba7e  RW X


SEGMENT ALLOCATION MAP

run origin  load origin   length   init length attrs members
----------  ----------- ---------- ----------- ----- -------
00000000    00000000    0007c038   0007c038    r-x
  00000000    00000000    00000200   00000200    r-- .intvecs
  00000200    00000200    00071eac   00071eac    r-- .const
  000720ac    000720ac    00009f16   00009f16    r-x .text
  0007bfc8    0007bfc8    00000070   00000070    r-- .cinit
20000000    20000000    00024588   00000000    rw-
  20000000    20000000    000240aa   00000000    rw- .bss
  200240b0    200240b0    00000400   00000000    rw- .stack
  200244b0    200244b0    000000d8   00000000    rw- .data


SECTION ALLOCATION MAP

 output                                  attributes/
section   page    origin      length       input sections
--------  ----  ----------  ----------   ----------------
.intvecs   0    00000000    00000200     
                  00000000    00000200     startup_ccs.obj (.intvecs)

.const     0    00000200    00071eac     
                  00000200    000308e5     io_fs.obj (.const:.string:data_block_tm4c129e_jpg)
                  00030ae5    0002c026     io_fs.obj (.const:.string:data_block_jpg)
                  0005cb0b    0000b650     io_fs.obj (.const:.string:data_ek_tm4c1294xl_jpg)
                  0006815b    00001d93     io_fs.obj (.const:.string:data_io_cgi_ssi)
                  00069eee    00001bfc     io_fs.obj (.const:.string:data_ti_jpg)
                  0006baea    000010b8     io_fs.obj (.const:.string:data_javascript_js)
                  0006cba2    00000d33     io_fs.obj (.const:.string:data_tm4c_jpg)
                  0006d8d5    00000b67     io_fs.obj (.const:.string:data_io_http_htm)
                  0006e43c    00000b04     io_fs.obj (.const:.string:data_perror_htm)
                  0006ef40    0000087d     io_fs.obj (.const:.string:data_index_htm)
                  0006f7bd    00000714     io_fs.obj (.const:.string:data_about_htm)
                  0006fed1    000006c3     io_fs.obj (.const:.string:data_favicon_ico)
                  00070594    00000604     io_fs.obj (.const:.string:data_styles_css)
                  00070b98    000005fd     io_fs.obj (.const:.string:data_overview_htm)
                  00071195    00000003     --HOLE-- [fill = 0]
                  00071198    00000440     httpd.obj (.const:.string)
                  000715d8    000001f8     io_fs.obj (.const:.string:data_block_htm)
                  000717d0    000001b0     driverlib.lib : sysctl.obj (.const:g_pppui32XTALtoVCO)
                  00071980    00000198     io_fs.obj (.const:.string:data_javascript_load_js)
                  00071b18    0000012c     io_fs.obj (.const:.string:data_404_htm)
                  00071c44    00000088     httpd.obj (.const:g_psHTTPHeaders)
                  00071ccc    00000070     driverlib.lib : interrupt.obj (.const)
                  00071d3c    0000006c                   : sysctl.obj (.const:g_pui32Xtals)
                  00071da8    00000068     httpd.obj (.const:g_psHTTPHeaderStrings)
                  00071e10    00000038     enet_io.obj (.const:.string)
                  00071e48    00000030     driverlib.lib : sysctl.obj (.const:g_sXTALtoMEMTIM)
                  00071e78    00000028     httpd.obj (.const:g_psDefaultFilenames)
                  00071ea0    00000018     driverlib.lib : emac.obj (.const)
                  00071eb8    00000014     io_fs.obj (.const:file_404_htm)
                  00071ecc    00000014     io_fs.obj (.const:file_about_htm)
                  00071ee0    00000014     io_fs.obj (.const:file_block_htm)
                  00071ef4    00000014     io_fs.obj (.const:file_block_jpg)
                  00071f08    00000014     io_fs.obj (.const:file_block_tm4c129e_jpg)
                  00071f1c    00000014     io_fs.obj (.const:file_ek_tm4c1294xl_jpg)
                  00071f30    00000014     io_fs.obj (.const:file_favicon_ico)
                  00071f44    00000014     io_fs.obj (.const:file_index_htm)
                  00071f58    00000014     io_fs.obj (.const:file_io_cgi_ssi)
                  00071f6c    00000014     io_fs.obj (.const:file_io_http_htm)
                  00071f80    00000014     io_fs.obj (.const:file_javascript_js)
                  00071f94    00000014     io_fs.obj (.const:file_javascript_load_js)
                  00071fa8    00000014     io_fs.obj (.const:file_overview_htm)
                  00071fbc    00000014     io_fs.obj (.const:file_perror_htm)
                  00071fd0    00000014     io_fs.obj (.const:file_styles_css)
                  00071fe4    00000014     io_fs.obj (.const:file_ti_jpg)
                  00071ff8    00000014     io_fs.obj (.const:file_tm4c_jpg)
                  0007200c    00000010     httpd.obj (.const:g_pcSSIExtensions)
                  0007201c    00000010     enet_io.obj (.const:g_psConfigCGIURIs)
                  0007202c    00000010     lwiplib.obj (.const:memp_num)
                  0007203c    00000010     lwiplib.obj (.const:memp_sizes)
                  0007204c    00000010     lwiplib.obj (.const:tcp_pcb_lists)
                  0007205c    0000000d     lwiplib.obj (.const:.string:tcp_backoff)
                  00072069    00000003     --HOLE-- [fill = 0]
                  0007206c    0000000c     uartstdio.obj (.const:g_ui32UARTBase)
                  00072078    0000000c     uartstdio.obj (.const:g_ui32UARTPeriph)
                  00072084    00000008     driverlib.lib : sysctl.obj (.const)
                  0007208c    00000007     lwiplib.obj (.const:.string:tcp_persist_backoff)
                  00072093    00000006     lwiplib.obj (.const:ethbroadcast)
                  00072099    00000006     lwiplib.obj (.const:ethzero)
                  0007209f    00000001     --HOLE-- [fill = 0]
                  000720a0    00000004     lwiplib.obj (.const:ip_addr_any)
                  000720a4    00000004     lwiplib.obj (.const:ip_addr_broadcast)
                  000720a8    00000004     port.obj (.const)

.text      0    000720ac    00009f16     
                  000720ac    000007ac     lwiplib.obj (.text:tcp_receive)
                  00072858    000004a6     httpd.obj (.text:http_send_data)
                  00072cfe    00000002     startup_ccs.obj (.text:FaultISR)
                  00072d00    000003cc     lwiplib.obj (.text:tcp_input)
                  000730cc    000003b4     lwiplib.obj (.text:tcp_process)
                  00073480    000002e8     lwiplib.obj (.text:tcp_write)
                  00073768    000002c8     lwiplib.obj (.text:tcp_slowtmr)
                  00073a30    00000251     ustdlib.obj (.text:uvsnprintf)
                  00073c81    00000001     --HOLE-- [fill = 0]
                  00073c82    00000002     startup_ccs.obj (.text:IntDefaultHandler)
                  00073c84    00000228     lwiplib.obj (.text:dhcp_parse_reply)
                  00073eac    00000218     pinout.obj (.text:PinoutSet)
                  000740c4    00000200     driverlib.lib : sysctl.obj (.text:SysCtlClockFreqSet)
                  000742c4    000001f0     lwiplib.obj (.text:ip_input)
                  000744b4    000001f0     lwiplib.obj (.text:udp_input)
                  000746a4    000001ea     uartstdio.obj (.text:UARTvprintf)
                  0007488e    00000002     startup_ccs.obj (.text:NmiSR)
                  00074890    000001a4     lwiplib.obj (.text:icmp_input)
                  00074a34    0000018c     lwiplib.obj (.text:tcp_output)
                  00074bc0    00000168     enet_io.obj (.text:configureEthernet)
                  00074d28    00000150     lwiplib.obj (.text:etharp_arp_input)
                  00074e78    00000148     lwiplib.obj (.text:tcp_close_shutdown)
                  00074fc0    00000140     lwiplib.obj (.text:tivaif_receive)
                  00075100    0000013a     lwiplib.obj (.text:pbuf_alloc)
                  0007523a    00000132     driverlib.lib : gpio.obj (.text:GPIOPadConfigSet)
                  0007536c    0000012c     queue.obj (.text:xQueueGenericReceive)
                  00075498    00000124     lwiplib.obj (.text:dhcp_create_msg)
                  000755bc    00000120     io_fs.obj (.text:fs_open)
                  000756dc    0000011c     lwiplib.obj (.text:etharp_output)
                  000757f8    00000114     lwiplib.obj (.text:etharp_query)
                  0007590c    00000114     httpd.obj (.text:http_find_file)
                  00075a20    00000114     lwiplib.obj (.text:tcp_listen_input)
                  00075b34    00000100     lwiplib.obj (.text:tivaif_transmit)
                  00075c34    00000100     tasks.obj (.text:xTaskIncrementTick)
                  00075d34    000000f8     lwiplib.obj (.text:mem_malloc)
                  00075e2c    000000f0     queue.obj (.text:xQueueGenericSend)
                  00075f1c    000000ec     httpd.obj (.text:get_http_headers)
                  00076008    000000e8     lwiplib.obj (.text:ip_output_if)
                  000760f0    000000e8     lwiplib.obj (.text:lwIPInit)
                  000761d8    000000e8     lwiplib.obj (.text:mem_trim)
                  000762c0    000000e8     lwiplib.obj (.text:udp_sendto_if)
                  000763a8    000000e0     lwiplib.obj (.text:etharp_find_entry)
                  00076488    000000dc     lwiplib.obj (.text:etharp_raw)
                  00076564    000000dc     tasks.obj (.text:xTaskResumeAll)
                  00076640    000000d8     lwiplib.obj (.text:tcp_output_segment)
                  00076718    000000d4     lwiplib.obj (.text:autoip_tmr)
                  000767ec    000000d4     lwiplib.obj (.text:dhcp_select)
                  000768c0    000000d2     portasm.obj (.text)
                  00076992    00000002     rtsv7M4_T_le_v4SPD16_eabi.lib : div0.asm.obj (.text)
                  00076994    000000d0     httpd.obj (.text:get_tag_insert)
                  00076a64    000000d0     lwiplib.obj (.text:tcp_alloc)
                  00076b34    000000cc     lwiplib.obj (.text:dhcp_recv)
                  00076c00    000000c8     lwiplib.obj (.text:dhcp_bind)
                  00076cc8    000000c4     lwiplib.obj (.text:InitDMADescriptors)
                  00076d8c    000000c4     lwiplib.obj (.text:dhcp_discover)
                  00076e50    000000c4     enet_io.obj (.text:main)
                  00076f14    000000bc     enet_io.obj (.text:SSIHandler)
                  00076fd0    000000bc     lwiplib.obj (.text:tivaif_hwinit)
                  0007708c    000000b8     lwiplib.obj (.text:tcp_create_segment)
                  00077144    000000b4     enet_io.obj (.text:lwIPHostTimerHandler)
                  000771f8    000000b0     lwiplib.obj (.text:lwIPServiceTimers)
                  000772a8    000000b0     tasks.obj (.text:prvAddNewTaskToReadyList)
                  00077358    000000ac     lwiplib.obj (.text:ethernet_input)
                  00077404    000000ac     lwiplib.obj (.text:tcp_enqueue_flags)
                  000774b0    000000ac     lwiplib.obj (.text:tcp_zero_window_probe)
                  0007755c    000000a8     lwiplib.obj (.text:dhcp_release)
                  00077604    000000a8     lwiplib.obj (.text:dhcp_start)
                  000776ac    000000a8     heap_2.obj (.text:pvPortMalloc)
                  00077754    000000a4     timers.obj (.text:prvProcessReceivedCommands)
                  000777f8    000000a0     lwiplib.obj (.text:inet_chksum_pseudo)
                  00077898    0000009e     httpd.obj (.text:http_parse_request)
                  00077936    0000009c     rtsv7M4_T_le_v4SPD16_eabi.lib : memcpy_t2.asm.obj (.text)
                  000779d2    00000002     --HOLE-- [fill = 0]
                  000779d4    0000009c     lwiplib.obj (.text:tcp_listen_with_backlog)
                  00077a70    00000098     lwiplib.obj (.text:dhcp_reboot)
                  00077b08    00000098     tasks.obj (.text:prvAddCurrentTaskToDelayedList)
                  00077ba0    00000092     lwiplib.obj (.text:pbuf_copy)
                  00077c32    00000002     --HOLE-- [fill = 0]
                  00077c34    00000090     lwiplib.obj (.text:tcp_abandon)
                  00077cc4    00000090     lwiplib.obj (.text:tcp_rst)
                  00077d54    00000090     tasks.obj (.text:vTaskPriorityInherit)
                  00077de4    0000008c     enet_io.obj (.text:ControlCGIHandler)
                  00077e70    0000008c     tasks.obj (.text:prvInitialiseNewTask)
                  00077efc    00000088     locator.obj (.text:LocatorReceive)
                  00077f84    00000084     io.obj (.text:io_init)
                  00078008    00000084     lwiplib.obj (.text:lwIPLinkDetect)
                  0007808c    00000084     lwiplib.obj (.text:tcp_timewait_input)
                  00078110    00000080     lwiplib.obj (.text:dhcp_rebind)
                  00078190    00000080     lwiplib.obj (.text:dhcp_renew)
                  00078210    00000080     lwiplib.obj (.text:lwIPEthernetIntHandler)
                  00078290    00000080     lwiplib.obj (.text:lwIPPrivateInit)
                  00078310    00000080     lwiplib.obj (.text:tcp_parseopt)
                  00078390    00000080     queue.obj (.text:xQueueGenericReset)
                  00078410    0000007e     lwiplib.obj (.text:autoip_arp_reply)
                  0007848e    00000002     --HOLE-- [fill = 0]
                  00078490    0000007c     lwiplib.obj (.text:dhcp_handle_ack)
                  0007850c    0000007c     lwiplib.obj (.text:dhcp_timeout)
                  00078588    0000007c     lwiplib.obj (.text:tcp_bind)
                  00078604    0000007c     lwiplib.obj (.text:tcp_oos_insert_segment)
                  00078680    0000007c     lwiplib.obj (.text:tivaif_process_phy_interrupt)
                  000786fc    0000007a     driverlib.lib : adc.obj (.text:ADCSequenceStepConfigure)
                  00078776    0000007a     rtsv7M4_T_le_v4SPD16_eabi.lib : memset_t2.asm.obj (.text)
                  000787f0    00000079     httpd.obj (.text:http_init_file)
                  00078869    00000003     --HOLE-- [fill = 0]
                  0007886c    00000078     driverlib.lib : emac.obj (.text:EMACInit)
                  000788e4    00000078     tasks.obj (.text:xTaskPriorityDisinherit)
                  0007895c    00000076     queue.obj (.text:prvCopyDataToQueue)
                  000789d2    00000002     --HOLE-- [fill = 0]
                  000789d4    00000074     lwiplib.obj (.text:etharp_update_arp_entry)
                  00078a48    00000074     lwiplib.obj (.text:raw_input)
                  00078abc    00000074     tasks.obj (.text:xTaskRemoveFromEventList)
                  00078b30    00000072     cgifuncs.obj (.text:CheckDecimalParam)
                  00078ba2    00000072     httpd.obj (.text:extract_uri_parameters)
                  00078c14    00000070     lwiplib.obj (.text:mem_free)
                  00078c84    00000070     timers.obj (.text:prvProcessTimerOrBlockTask)
                  00078cf4    00000070     lwiplib.obj (.text:tcp_fasttmr)
                  00078d64    0000006c     enet_io.obj (.text:adcTask)
                  00078dd0    0000006c     lwiplib.obj (.text:icmp_send_response)
                  00078e3c    0000006c     lwiplib.obj (.text:memp_init)
                  00078ea8    00000068     driverlib.lib : interrupt.obj (.text:IntEnable)
                  00078f10    00000068     rtsv7M4_T_le_v4SPD16_eabi.lib : copy_decompress_lzss.c.obj (.text:decompress:lzss:__TI_decompress_lzss)
                  00078f78    00000068     lwiplib.obj (.text:dhcp_decline)
                  00078fe0    00000068     httpd.obj (.text:http_recv)
                  00079048    00000068     lwiplib.obj (.text:lwip_standard_chksum)
                  000790b0    00000068     lwiplib.obj (.text:netif_set_ipaddr)
                  00079118    00000068     lwiplib.obj (.text:sys_timeout)
                  00079180    00000068     lwiplib.obj (.text:tcp_output_alloc_header)
                  000791e8    00000068     lwiplib.obj (.text:tcp_process_refused_data)
                  00079250    00000068     lwiplib.obj (.text:udp_bind)
                  000792b8    00000066     lwiplib.obj (.text:pbuf_copy_partial)
                  0007931e    00000002     --HOLE-- [fill = 0]
                  00079320    00000064     enet_io.obj (.text:SetTextCGIHandler)
                  00079384    00000064     lwiplib.obj (.text:pbuf_header)
                  000793e8    00000064     tasks.obj (.text:vTaskStartScheduler)
                  0007944c    00000060     uartstdio.obj (.text:UARTStdioConfig)
                  000794ac    00000060     lwiplib.obj (.text:plug_holes)
                  0007950c    00000060     tasks.obj (.text:prvInitialiseTaskLists)
                  0007956c    00000060     timers.obj (.text:prvSwitchTimerLists)
                  000795cc    0000005e     queue.obj (.text:prvUnlockQueue)
                  0007962a    0000005e     queue.obj (.text:xQueueGenericSendFromISR)
                  00079688    0000005e     tasks.obj (.text:xTaskCreate)
                  000796e6    0000005c     cgifuncs.obj (.text:DecodeFormString)
                  00079742    00000002     --HOLE-- [fill = 0]
                  00079744    0000005c     enet_io.obj (.text:demoSerialTask)
                  000797a0    0000005c     lwiplib.obj (.text:mem_init)
                  000797fc    0000005c     timers.obj (.text:prvCheckForValidListAndQueue)
                  00079858    0000005c     lwiplib.obj (.text:tcp_keepalive)
                  000798b4    0000005c     lwiplib.obj (.text:tcp_pcb_remove)
                  00079910    0000005c     lwiplib.obj (.text:tcp_send_empty_ack)
                  0007996c    0000005a     lwiplib.obj (.text:pbuf_realloc)
                  000799c6    00000002     --HOLE-- [fill = 0]
                  000799c8    00000058     driverlib.lib : emac.obj (.text:EMACPHYConfigSet)
                  00079a20    00000058     lwiplib.obj (.text:autoip_create_addr)
                  00079a78    00000058     lwiplib.obj (.text:autoip_start)
                  00079ad0    00000058     httpd.obj (.text:http_accept)
                  00079b28    00000058     lwiplib.obj (.text:memp_malloc)
                  00079b80    00000058     tasks.obj (.text:prvCheckTasksWaitingTermination)
                  00079bd8    00000058     tasks.obj (.text:vTaskSwitchContext)
                  00079c30    00000056     lwiplib.obj (.text:tcp_rexmit)
                  00079c86    00000002     --HOLE-- [fill = 0]
                  00079c88    00000054     locator.obj (.text:LocatorInit)
                  00079cdc    00000054     lwiplib.obj (.text:tcp_new_port)
                  00079d30    00000054     tasks.obj (.text:xTaskCheckForTimeOut)
                  00079d84    00000052     lwiplib.obj (.text:tcp_pbuf_prealloc)
                  00079dd6    00000052     lwiplib.obj (.text:tivaif_process_transmit)
                  00079e28    00000050     driverlib.lib : adc.obj (.text:ADCSequenceConfigure)
                  00079e78    00000050                   : sysctl.obj (.text:SysCtlPeripheralReset)
                  00079ec8    00000050     httpd.obj (.text:http_close_conn)
                  00079f18    00000050     io.obj (.text:io_set_timer)
                  00079f68    00000050     lwiplib.obj (.text:netif_add)
                  00079fb8    00000050     lwiplib.obj (.text:sys_timeouts_init)
                  0007a008    00000050     lwiplib.obj (.text:tcp_write_checks)
                  0007a058    0000004e     lwiplib.obj (.text:autoip_start_probing)
                  0007a0a6    0000004e     lwiplib.obj (.text:inet_chksum_pbuf)
                  0007a0f4    0000004e     lwiplib.obj (.text:pbuf_free)
                  0007a142    00000002     --HOLE-- [fill = 0]
                  0007a144    0000004c     lwiplib.obj (.text:ip_route)
                  0007a190    0000004c     httpd.obj (.text:strnstr)
                  0007a1dc    0000004c     lwiplib.obj (.text:tivaif_interrupt)
                  0007a228    0000004c     lwiplib.obj (.text:udp_connect)
                  0007a274    0000004c     lwiplib.obj (.text:udp_new_port)
                  0007a2c0    0000004b     httpd.obj (.text:http_get_404_file)
                  0007a30b    00000001     --HOLE-- [fill = 0]
                  0007a30c    00000048     uartstdio.obj (.text:UARTwrite)
                  0007a354    00000048     driverlib.lib : sysctl.obj (.text:_SysCtlFrequencyGet)
                  0007a39c    00000048     lwiplib.obj (.text:etharp_output_to_arp_index)
                  0007a3e4    00000048     httpd.obj (.text:http_write)
                  0007a42c    00000048     lwiplib.obj (.text:ip_output)
                  0007a474    00000048     timers.obj (.text:prvProcessExpiredTimer)
                  0007a4bc    00000048     lwiplib.obj (.text:tcp_kill_prio)
                  0007a504    00000048     lwiplib.obj (.text:tcp_rexmit_fast)
                  0007a54c    00000048     lwiplib.obj (.text:tivaif_check_pbuf)
                  0007a594    00000048     queue.obj (.text:vQueueWaitForMessageRestricted)
                  0007a5dc    00000046     lwiplib.obj (.text:tcp_send_fin)
                  0007a622    00000002     --HOLE-- [fill = 0]
                  0007a624    00000044     rtsv7M4_T_le_v4SPD16_eabi.lib : autoinit.c.obj (.text:__TI_auto_init_nobinit_nopinit:__TI_auto_init_nobinit_nopinit)
                  0007a668    00000044     timers.obj (.text:prvInsertTimerInActiveList)
                  0007a6ac    00000044     heap_2.obj (.text:vPortFree)
                  0007a6f0    00000044     timers.obj (.text:xTimerGenericCommand)
                  0007a734    00000042     lwiplib.obj (.text:dhcp_network_changed)
                  0007a776    00000042     lwiplib.obj (.text:dhcp_option_long)
                  0007a7b8    00000042     lwiplib.obj (.text:tcp_pcb_purge)
                  0007a7fa    00000040     cgifuncs.obj (.text:DecodeHexEscape)
                  0007a83a    00000002     --HOLE-- [fill = 0]
                  0007a83c    00000040     lwiplib.obj (.text:etharp_tmr)
                  0007a87c    00000040     rtsv7M4_T_le_v4SPD16_eabi.lib : u_divt2.asm.obj (.text)
                  0007a8bc    00000040     port.obj (.text:xPortStartScheduler)
                  0007a8fc    00000040     timers.obj (.text:xTimerCreateTimerTask)
                  0007a93c    0000003e     lwiplib.obj (.text:netif_set_link_up)
                  0007a97a    00000002     --HOLE-- [fill = 0]
                  0007a97c    0000003c     lwiplib.obj (.text:dhcp_coarse_tmr)
                  0007a9b8    0000003a     driverlib.lib : emac.obj (.text:EMACIntEnable)
                  0007a9f2    0000003a     io_fs.obj (.text:fs_read)
                  0007aa2c    00000038     enet_io.obj (.text:DisplayIPAddress)
                  0007aa64    00000038     driverlib.lib : emac.obj (.text:EMACConfigSet)
                  0007aa9c    00000038     locator.obj (.text:LocatorAppTitleSet)
                  0007aad4    00000038     driverlib.lib : sysctl.obj (.text:SysCtlPeripheralReady)
                  0007ab0c    00000038     rtsv7M4_T_le_v4SPD16_eabi.lib : boot_cortex_m.c.obj (.text:_c_int00_noargs:_c_int00_noargs)
                  0007ab44    00000038     lwiplib.obj (.text:dhcp_fine_tmr)
                  0007ab7c    00000038     lwiplib.obj (.text:dhcp_handle_nak)
                  0007abb4    00000038     lwiplib.obj (.text:dhcp_stop)
                  0007abec    00000038     httpd.obj (.text:httpd_init_addr)
                  0007ac24    00000038     io.obj (.text:io_get_ledstate)
                  0007ac5c    00000038     lwiplib.obj (.text:memp_free)
                  0007ac94    00000038     lwiplib.obj (.text:tcpip_tcp_timer)
                  0007accc    00000038     lwiplib.obj (.text:udp_sendto)
                  0007ad04    00000038     list.obj (.text:vListInsert)
                  0007ad3c    00000036     ustdlib.obj (.text:ustrncmp)
                  0007ad72    00000002     --HOLE-- [fill = 0]
                  0007ad74    00000034     enet_io.obj (.text:AnimTimerIntHandler)
                  0007ada8    00000034     driverlib.lib : emac.obj (.text:EMACConfigGet)
                  0007addc    00000034                   : emac.obj (.text:EMACIntClear)
                  0007ae10    00000034                   : sysctl.obj (.text:SysCtlPeripheralEnable)
                  0007ae44    00000034     lwiplib.obj (.text:autoip_arp_probe)
                  0007ae78    00000034     enet_io.obj (.text:ethernetTask)
                  0007aeac    00000034     httpd.obj (.text:http_poll)
                  0007aee0    00000034     io.obj (.text:io_set_animation_speed_string)
                  0007af14    00000034     rtsv7M4_T_le_v4SPD16_eabi.lib : strstr.c.obj (.text:strstr)
                  0007af48    00000034     lwiplib.obj (.text:tcp_kill_timewait)
                  0007af7c    00000034     lwiplib.obj (.text:tcp_timer_needed)
                  0007afb0    00000034     lwiplib.obj (.text:tivaif_init)
                  0007afe4    00000032     lwiplib.obj (.text:ip4_addr_isbroadcast)
                  0007b016    00000032     lwiplib.obj (.text:tcp_recved)
                  0007b048    00000030     lwiplib.obj (.text:dhcp_option_trailer)
                  0007b078    00000030     heap_2.obj (.text:prvHeapInit)
                  0007b0a8    00000030     lwiplib.obj (.text:tcp_update_rcv_ann_wnd)
                  0007b0d8    00000030     lwiplib.obj (.text:udp_remove)
                  0007b108    00000030     tasks.obj (.text:vTaskDelay)
                  0007b138    0000002e     driverlib.lib : adc.obj (.text:ADCIntStatus)
                  0007b166    0000002e     cgifuncs.obj (.text:FindCGIParameter)
                  0007b194    0000002e     lwiplib.obj (.text:tcp_rexmit_rto)
                  0007b1c2    0000002e     queue.obj (.text:xQueueGenericCreate)
                  0007b1f0    0000002c     driverlib.lib : emac.obj (.text:EMACIntStatus)
                  0007b21c    0000002c     cgifuncs.obj (.text:GetCGIParam)
                  0007b248    0000002c     lwiplib.obj (.text:autoip_arp_announce)
                  0007b274    0000002c     enet_io.obj (.text:configureController)
                  0007b2a0    0000002c     lwiplib.obj (.text:dhcp_handle_offer)
                  0007b2cc    0000002c     lwiplib.obj (.text:etharp_request)
                  0007b2f8    0000002c     port.obj (.text:pxPortInitialiseStack)
                  0007b324    0000002c     rtsv7M4_T_le_v4SPD16_eabi.lib : strncmp.c.obj (.text:strncmp)
                  0007b350    0000002c     port.obj (.text:xPortSysTickHandler)
                  0007b37c    0000002a     driverlib.lib : gpio.obj (.text:GPIODirModeSet)
                  0007b3a6    0000002a     cgifuncs.obj (.text:HexDigit)
                  0007b3d0    0000002a     lwiplib.obj (.text:autoip_bind)
                  0007b3fa    0000002a     lwiplib.obj (.text:pbuf_cat)
                  0007b424    0000002a     ustdlib.obj (.text:ustrncpy)
                  0007b44e    00000002     --HOLE-- [fill = 0]
                  0007b450    00000028     lwiplib.obj (.text:etharp_cleanup_netif)
                  0007b478    00000028     tasks.obj (.text:prvIdleTask)
                  0007b4a0    00000028     tasks.obj (.text:prvResetNextTaskUnblockTime)
                  0007b4c8    00000028     timers.obj (.text:prvSampleTimeNow)
                  0007b4f0    00000026     driverlib.lib : emac.obj (.text:EMACPHYRead)
                  0007b516    00000026                   : emac.obj (.text:EMACPHYWrite)
                  0007b53c    00000026     lwiplib.obj (.text:dhcp_check)
                  0007b562    00000026     httpd.obj (.text:http_state_free)
                  0007b588    00000026     queue.obj (.text:prvCopyDataFromQueue)
                  0007b5ae    00000026     lwiplib.obj (.text:tcp_recv_null)
                  0007b5d4    00000024     lwiplib.obj (.text:etharp_free_entry)
                  0007b5f8    00000024     io.obj (.text:io_is_led_on)
                  0007b61c    00000024     rtsv7M4_T_le_v4SPD16_eabi.lib : memcmp.c.obj (.text:memcmp)
                  0007b640    00000024     lwiplib.obj (.text:netif_set_up)
                  0007b664    00000024     queue.obj (.text:prvInitialiseNewQueue)
                  0007b688    00000024     lwiplib.obj (.text:tcp_seg_copy)
                  0007b6ac    00000024     list.obj (.text:uxListRemove)
                  0007b6d0    00000024     tasks.obj (.text:vTaskPlaceOnEventListRestricted)
                  0007b6f4    00000022     lwiplib.obj (.text:dhcp_option_short)
                  0007b716    00000022     httpd.obj (.text:http_state_alloc)
                  0007b738    00000020     cgifuncs.obj (.text:IsValidHexDigit)
                  0007b758    00000020     locator.obj (.text:LocatorMACAddrSet)
                  0007b778    00000020     driverlib.lib : sysctl.obj (.text:_SysCtlMemTimingGet)
                  0007b798    00000020     lwiplib.obj (.text:autoip_handle_arp_conflict)
                  0007b7b8    00000020     lwiplib.obj (.text:dhcp_option)
                  0007b7d8    00000020     lwiplib.obj (.text:etharp_send_ip)
                  0007b7f8    00000020     lwiplib.obj (.text:lwIPTimer)
                  0007b818    00000020     timers.obj (.text:prvGetNextExpireTime)
                  0007b838    00000020     lwiplib.obj (.text:tcp_eff_send_mss)
                  0007b858    00000020     lwiplib.obj (.text:tcp_tmr)
                  0007b878    00000020     ustdlib.obj (.text:usprintf)
                  0007b898    00000020     queue.obj (.text:vQueueAddToRegistry)
                  0007b8b8    00000020     tasks.obj (.text:xTaskGetSchedulerState)
                  0007b8d8    0000001e     driverlib.lib : adc.obj (.text:ADCSequenceDataGet)
                  0007b8f6    0000001e                   : emac.obj (.text:EMACAddrGet)
                  0007b914    0000001e     lwiplib.obj (.text:netif_set_down)
                  0007b932    00000002     --HOLE-- [fill = 0]
                  0007b934    0000001c     httpd.obj (.text:http_set_ssi_handler)
                  0007b950    0000001c     io.obj (.text:io_set_led)
                  0007b96c    0000001c     lwiplib.obj (.text:lwIPLocalIPAddrGet)
                  0007b988    0000001c     lwiplib.obj (.text:netif_set_addr)
                  0007b9a4    0000001c     queue.obj (.text:prvIsQueueFull)
                  0007b9c0    0000001c     lwiplib.obj (.text:udp_new)
                  0007b9dc    0000001c     port.obj (.text:vPortEnterCritical)
                  0007b9f8    0000001c     tasks.obj (.text:vTaskPlaceOnEventList)
                  0007ba14    0000001a     uartstdio.obj (.text:UARTprintf)
                  0007ba2e    0000001a     lwiplib.obj (.text:autoip_network_changed)
                  0007ba48    0000001a     lwiplib.obj (.text:dhcp_arp_reply)
                  0007ba62    0000001a     lwiplib.obj (.text:lwip_htonl)
                  0007ba7c    0000001a     queue.obj (.text:prvIsQueueEmpty)
                  0007ba96    0000001a     ustdlib.obj (.text:usnprintf)
                  0007bab0    00000018     driverlib.lib : adc.obj (.text:ADCProcessorTrigger)
                  0007bac8    00000018     lwiplib.obj (.text:arp_timer)
                  0007bae0    00000018     lwiplib.obj (.text:autoip_timer)
                  0007baf8    00000018     lwiplib.obj (.text:dhcp_timer_coarse)
                  0007bb10    00000018     lwiplib.obj (.text:dhcp_timer_fine)
                  0007bb28    00000018     io.obj (.text:io_get_animation_speed_string)
                  0007bb40    00000018     lwiplib.obj (.text:pbuf_pool_is_empty)
                  0007bb58    00000018     tasks.obj (.text:pvTaskIncrementMutexHeldCount)
                  0007bb70    00000018     rtsv7M4_T_le_v4SPD16_eabi.lib : strcmp.c.obj (.text:strcmp)
                  0007bb88    00000018     lwiplib.obj (.text:tcp_next_iss)
                  0007bba0    00000018     lwiplib.obj (.text:tcp_seg_free)
                  0007bbb8    00000018     list.obj (.text:vListInsertEnd)
                  0007bbd0    00000018     port.obj (.text:vPortExitCritical)
                  0007bbe8    00000018     tasks.obj (.text:vTaskSetTimeOutState)
                  0007bc00    00000016     driverlib.lib : emac.obj (.text:EMACReset)
                  0007bc16    00000016                   : emac.obj (.text:EMACRxEnable)
                  0007bc2c    00000016                   : emac.obj (.text:EMACTxEnable)
                  0007bc42    00000016     lwiplib.obj (.text:dhcp_delete_msg)
                  0007bc58    00000016     lwiplib.obj (.text:dhcp_t1_timeout)
                  0007bc6e    00000016     lwiplib.obj (.text:dhcp_t2_timeout)
                  0007bc84    00000016     httpd.obj (.text:http_sent)
                  0007bc9a    00000016     lwiplib.obj (.text:pbuf_ref)
                  0007bcb0    00000016     rtsv7M4_T_le_v4SPD16_eabi.lib : strchr.c.obj (.text:strchr)
                  0007bcc6    00000016     list.obj (.text:vListInitialise)
                  0007bcdc    00000014     httpd.obj (.text:http_set_cgi_handlers)
                  0007bcf0    00000014     io.obj (.text:io_set_animation_speed)
                  0007bd04    00000014     timers.obj (.text:prvTimerTask)
                  0007bd18    00000014     rtsv7M4_T_le_v4SPD16_eabi.lib : strlen.c.obj (.text:strlen)
                  0007bd2c    00000014     lwiplib.obj (.text:sys_arch_unprotect)
                  0007bd40    00000014     lwiplib.obj (.text:tcp_close)
                  0007bd54    00000014     port.obj (.text:vPortSetupTimerInterrupt)
                  0007bd68    00000012     driverlib.lib : gpio.obj (.text:GPIOPinTypeEthernetLED)
                  0007bd7a    00000012     lwiplib.obj (.text:dhcp_option_byte)
                  0007bd8c    00000012     lwiplib.obj (.text:netif_set_link_down)
                  0007bd9e    00000012     lwiplib.obj (.text:pbuf_clen)
                  0007bdb0    00000012     tasks.obj (.text:prvDeleteTCB)
                  0007bdc2    00000012     lwiplib.obj (.text:tcp_segs_free)
                  0007bdd4    00000010     driverlib.lib : emac.obj (.text:EMACFrameFilterSet)
                  0007bde4    00000010                   : interrupt.obj (.text:IntMasterEnable)
                  0007bdf4    00000010     lwiplib.obj (.text:autoip_stop)
                  0007be04    00000010     lwiplib.obj (.text:dhcp_set_state)
                  0007be14    00000010     lwiplib.obj (.text:inet_chksum)
                  0007be24    00000010     lwiplib.obj (.text:lwip_init)
                  0007be34    00000010     lwiplib.obj (.text:pbuf_chain)
                  0007be44    00000010     port.obj (.text:prvTaskExitError)
                  0007be54    00000010     lwiplib.obj (.text:sys_arch_protect)
                  0007be64    00000010     tasks.obj (.text:vTaskSuspendAll)
                  0007be74    0000000e     driverlib.lib : adc.obj (.text:ADCSequenceEnable)
                  0007be82    0000000e     rtsv7M4_T_le_v4SPD16_eabi.lib : copy_decompress_none.c.obj (.text:decompress:none:__TI_decompress_none)
                  0007be90    0000000c     driverlib.lib : cpu.obj (.text:CPUcpsie)
                  0007be9c    0000000c                   : sysctl.obj (.text:SysCtlMOSCConfigSet)
                  0007bea8    0000000c     lwiplib.obj (.text:autoip_restart)
                  0007beb4    0000000c     rtsv7M4_T_le_v4SPD16_eabi.lib : copy_zero_init.c.obj (.text:decompress:ZI:__TI_zero_init)
                  0007bec0    0000000c     httpd.obj (.text:httpd_init)
                  0007becc    0000000c     io.obj (.text:io_get_animation_speed)
                  0007bed8    0000000c     lwiplib.obj (.text:lwip_htons)
                  0007bee4    0000000c     lwiplib.obj (.text:netif_set_default)
                  0007bef0    0000000c     lwiplib.obj (.text:netif_set_gw)
                  0007befc    0000000c     lwiplib.obj (.text:netif_set_netmask)
                  0007bf08    0000000c     lwiplib.obj (.text:sys_now)
                  0007bf14    0000000c     tasks.obj (.text:vTaskMissedYield)
                  0007bf20    0000000c     tasks.obj (.text:xTaskGetTickCount)
                  0007bf2c    0000000a     lwiplib.obj (.text:tcp_poll)
                  0007bf36    00000008     driverlib.lib : emac.obj (.text:EMACPowerManagementStatusGet)
                  0007bf3e    00000008                   : emac.obj (.text:EMACTxDMAPollDemand)
                  0007bf46    00000008     io_fs.obj (.text:fs_bytes_left)
                  0007bf4e    00000008     httpd.obj (.text:http_err)
                  0007bf56    00000008     lwiplib.obj (.text:icmp_dest_unreach)
                  0007bf5e    00000006     driverlib.lib : emac.obj (.text:EMACRxDMADescriptorListSet)
                  0007bf64    00000006                   : emac.obj (.text:EMACTimestampIntStatus)
                  0007bf6a    00000006                   : emac.obj (.text:EMACTxDMADescriptorListSet)
                  0007bf70    00000006     startup_ccs.obj (.text:ResetISR)
                  0007bf76    00000006     driverlib.lib : sysctl.obj (.text:SysCtlDelay)
                  0007bf7c    00000006     lwiplib.obj (.text:tcp_abort)
                  0007bf82    00000006     lwiplib.obj (.text:tcp_accept_null)
                  0007bf88    00000006     lwiplib.obj (.text:tcp_err)
                  0007bf8e    00000006     lwiplib.obj (.text:tcp_new)
                  0007bf94    00000006     lwiplib.obj (.text:tcp_recv)
                  0007bf9a    00000006     lwiplib.obj (.text:udp_recv)
                  0007bfa0    00000006     list.obj (.text:vListInitialiseItem)
                  0007bfa6    00000004     rtsv7M4_T_le_v4SPD16_eabi.lib : pre_init.c.obj (.text:_system_pre_init)
                  0007bfaa    00000004                                   : exit.c.obj (.text:abort:abort)
                  0007bfae    00000004     io_fs.obj (.text:fs_close)
                  0007bfb2    00000004     lwiplib.obj (.text:tcp_accept)
                  0007bfb6    00000004     lwiplib.obj (.text:tcp_arg)
                  0007bfba    00000004     lwiplib.obj (.text:tcp_sent)
                  0007bfbe    00000004     lwiplib.obj (.text:tcp_setprio)

.cinit     0    0007bfc8    00000070     
                  0007bfc8    0000004b     (.cinit..data.load) [load image, compression = lzss]
                  0007c013    00000001     --HOLE-- [fill = 0]
                  0007c014    0000000c     (__TI_handler_table)
                  0007c020    00000008     (.cinit..bss.load) [load image, compression = zero_init]
                  0007c028    00000010     (__TI_cinit_table)

.init_array 
*          0    00000000    00000000     UNINITIALIZED

.bss       0    20000000    000240aa     UNINITIALIZED
                  20000000    0001001c     (.common:ram_heap)
                  2001001c    0000c350     heap_2.obj (.bss:ucHeap)
                  2001c36c    000073d4     lwiplib.obj (.bss:memp_memory)
                  20023740    00000360     (.common:g_pTxDescriptors)
                  20023aa0    00000120     (.common:g_pRxDescriptors)
                  20023bc0    00000120     (.common:lwip_stats)
                  20023ce0    000000c8     lwiplib.obj (.bss:arp_table)
                  20023da8    00000064     tasks.obj (.bss:pxReadyTasksLists)
                  20023e0c    00000054     locator.obj (.bss:g_pui8LocatorData)
                  20023e60    00000050     lwiplib.obj (.bss)
                  20023eb0    00000040     (.common:xQueueRegistry)
                  20023ef0    00000038     lwiplib.obj (.bss:g_sNetIF)
                  20023f28    00000028     (.common:dhcp_rx_options_val)
                  20023f50    00000020     lwiplib.obj (.bss:memp_tab)
                  20023f70    00000014     timers.obj (.bss:xActiveTimerList1)
                  20023f84    00000014     timers.obj (.bss:xActiveTimerList2)
                  20023f98    00000014     tasks.obj (.bss:xDelayedTaskList1)
                  20023fac    00000014     tasks.obj (.bss:xDelayedTaskList2)
                  20023fc0    00000014     tasks.obj (.bss:xPendingReadyList)
                  20023fd4    00000014     tasks.obj (.bss:xSuspendedTaskList)
                  20023fe8    00000014     tasks.obj (.bss:xTasksWaitingTermination)
                  20023ffc    00000010     lwiplib.obj (.bss:inseg)
                  2002400c    0000000c     (.common:dhcp_rx_options_given)
                  20024018    00000008     io_fs.obj (.bss:pcBuf$3)
                  20024020    00000008     io_fs.obj (.bss:pcBuf$4)
                  20024028    00000008     tasks.obj (.bss)
                  20024030    00000008     timers.obj (.bss)
                  20024038    00000008     heap_2.obj (.bss:xEnd)
                  20024040    00000008     heap_2.obj (.bss:xStart)
                  20024048    00000004     enet_io.obj (.bss)
                  2002404c    00000004     io_fs.obj (.bss:pcBuf$1)
                  20024050    00000004     io_fs.obj (.bss:pcBuf$2)
                  20024054    00000004     (.common:current_header)
                  20024058    00000004     (.common:current_iphdr_dest)
                  2002405c    00000004     (.common:current_iphdr_src)
                  20024060    00000004     (.common:current_netif)
                  20024064    00000004     (.common:g_iNumCGIs)
                  20024068    00000004     (.common:g_pCGIs)
                  2002406c    00000004     (.common:g_pfnTimerHandler)
                  20024070    00000004     (.common:g_ui32AbnormalInts)
                  20024074    00000004     (.common:g_ui32IPAddress)
                  20024078    00000004     (.common:g_ui32NormalInts)
                  2002407c    00000004     (.common:g_ui32SysClock)
                  20024080    00000004     (.common:netif_default)
                  20024084    00000004     (.common:netif_list)
                  20024088    00000004     (.common:tcp_active_pcbs)
                  2002408c    00000004     (.common:tcp_bound_pcbs)
                  20024090    00000004     (.common:tcp_input_pcb)
                  20024094    00000004     (.common:tcp_listen_pcbs)
                  20024098    00000004     (.common:tcp_ticks)
                  2002409c    00000004     (.common:tcp_tmp_pcb)
                  200240a0    00000004     (.common:tcp_tw_pcbs)
                  200240a4    00000004     (.common:udp_pcbs)
                  200240a8    00000001     (.common:pbuf_free_ooseq_pending)
                  200240a9    00000001     (.common:tcp_active_pcbs_changed)

.data      0    200244b0    000000d8     UNINITIALIZED
                  200244b0    00000038     lwiplib.obj (.data)
                  200244e8    00000034     tasks.obj (.data)
                  2002451c    00000010     lwiplib.obj (.data:g_RxDescList)
                  2002452c    00000010     lwiplib.obj (.data:g_TxDescList)
                  2002453c    0000000c     lwiplib.obj (.data:g_StellarisIFData)
                  20024548    0000000c     enet_io.obj (.data:g_pcConfigSSITags)
                  20024554    0000000c     httpd.obj (.data)
                  20024560    0000000c     timers.obj (.data)
                  2002456c    00000008     heap_2.obj (.data)
                  20024574    00000005     uartstdio.obj (.data)
                  20024579    00000003     --HOLE--
                  2002457c    00000004     enet_io.obj (.data)
                  20024580    00000004     io.obj (.data)
                  20024584    00000004     port.obj (.data)

.stack     0    200240b0    00000400     UNINITIALIZED
                  200240b0    00000004     rtsv7M4_T_le_v4SPD16_eabi.lib : boot_cortex_m.c.obj (.stack)
                  200240b4    000003fc     --HOLE--

MODULE SUMMARY

       Module                       code    ro data   rw data
       ------                       ----    -------   -------
    .\
       io_fs.obj                    358     464293    24     
       enet_io.obj                  1568    72        28     
       startup_ccs.obj              12      512       0      
       io.obj                       440     0         4      
       cgifuncs.obj                 434     0         0      
    +--+----------------------------+-------+---------+---------+
       Total:                       2812    464877    56     
                                                             
    .\FreeRTOS\
       tasks.obj                    2204    0         260    
       queue.obj                    1252    0         64     
       timers.obj                   828     0         60     
       list.obj                     144     0         0      
    +--+----------------------------+-------+---------+---------+
       Total:                       4428    0         384    
                                                             
    .\FreeRTOS\portable\CCS\ARM_CM4F\
       port.obj                     240     4         4      
       portasm.obj                  210     0         0      
    +--+----------------------------+-------+---------+---------+
       Total:                       450     4         4      
                                                             
    .\FreeRTOS\portable\MemMang\
       heap_2.obj                   284     0         50024  
    +--+----------------------------+-------+---------+---------+
       Total:                       284     0         50024  
                                                             
    .\drivers\
       pinout.obj                   536     0         0      
    +--+----------------------------+-------+---------+---------+
       Total:                       536     0         0      
                                                             
    .\third_party\lwip-1.4.1\apps\httpserver_raw\
       httpd.obj                    3068    1384      20     
    +--+----------------------------+-------+---------+---------+
       Total:                       3068    1384      20     
                                                             
    .\utils\
       lwiplib.obj                  24242   88        97262  
       ustdlib.obj                  747     0         0      
       uartstdio.obj                684     24        5      
       locator.obj                  308     0         84     
    +--+----------------------------+-------+---------+---------+
       Total:                       25981   112       97351  
                                                             
    C:/ti/tivaware_c_series_2_1_4_178/driverlib/ccs/Debug/driverlib.lib
       sysctl.obj                   822     596       0      
       emac.obj                     692     24        0      
       gpio.obj                     366     0         0      
       adc.obj                      316     0         0      
       interrupt.obj                120     112       0      
       cpu.obj                      12      0         0      
    +--+----------------------------+-------+---------+---------+
       Total:                       2328    732       0      
                                                             
    C:\codecomposer\ccsv8\tools\compiler\ti-cgt-arm_18.1.3.LTS\lib\rtsv7M4_T_le_v4SPD16_eabi.lib
       memcpy_t2.asm.obj            156     0         0      
       memset_t2.asm.obj            122     0         0      
       copy_decompress_lzss.c.obj   104     0         0      
       autoinit.c.obj               68      0         0      
       u_divt2.asm.obj              64      0         0      
       boot_cortex_m.c.obj          56      0         0      
       strstr.c.obj                 52      0         0      
       strncmp.c.obj                44      0         0      
       memcmp.c.obj                 36      0         0      
       strcmp.c.obj                 24      0         0      
       strchr.c.obj                 22      0         0      
       strlen.c.obj                 20      0         0      
       copy_decompress_none.c.obj   14      0         0      
       copy_zero_init.c.obj         12      0         0      
       exit.c.obj                   4       0         0      
       pre_init.c.obj               4       0         0      
       div0.asm.obj                 2       0         0      
    +--+----------------------------+-------+---------+---------+
       Total:                       804     0         0      
                                                             
       Stack:                       0       0         1024   
       Linker Generated:            0       111       0      
    +--+----------------------------+-------+---------+---------+
       Grand Total:                 40691   467220    148863 


LINKER GENERATED COPY TABLES

__TI_cinit_table @ 0007c028 records: 2, size/record: 8, table size: 16
	.data: load addr=0007bfc8, load size=0000004b bytes, run addr=200244b0, run size=000000d8 bytes, compression=lzss
	.bss: load addr=0007c020, load size=00000008 bytes, run addr=20000000, run size=000240aa bytes, compression=zero_init


LINKER GENERATED HANDLER TABLE

__TI_handler_table @ 0007c014 records: 3, size/record: 4, table size: 12
	index: 0, handler: __TI_decompress_lzss
	index: 1, handler: __TI_decompress_none
	index: 2, handler: __TI_zero_init


GLOBAL SYMBOLS: SORTED ALPHABETICALLY BY Name 

address   name                           
-------   ----                           
0007b139  ADCIntStatus                   
0007bab1  ADCProcessorTrigger            
00079e29  ADCSequenceConfigure           
0007b8d9  ADCSequenceDataGet             
0007be75  ADCSequenceEnable              
000786fd  ADCSequenceStepConfigure       
0007ad75  AnimTimerIntHandler            
0007bfab  C$$EXIT                        
0007be91  CPUcpsie                       
00078b31  CheckDecimalParam              
000796e7  DecodeFormString               
0007a7fb  DecodeHexEscape                
0007aa2d  DisplayIPAddress               
0007b8f7  EMACAddrGet                    
0007ada9  EMACConfigGet                  
0007aa65  EMACConfigSet                  
0007bdd5  EMACFrameFilterSet             
0007886d  EMACInit                       
0007addd  EMACIntClear                   
0007a9b9  EMACIntEnable                  
0007b1f1  EMACIntStatus                  
000799c9  EMACPHYConfigSet               
0007b4f1  EMACPHYRead                    
0007b517  EMACPHYWrite                   
0007bf37  EMACPowerManagementStatusGet   
0007bc01  EMACReset                      
0007bf5f  EMACRxDMADescriptorListSet     
0007bc17  EMACRxEnable                   
0007bf65  EMACTimestampIntStatus         
0007bf6b  EMACTxDMADescriptorListSet     
0007bf3f  EMACTxDMAPollDemand            
0007bc2d  EMACTxEnable                   
0007b167  FindCGIParameter               
0007b37d  GPIODirModeSet                 
0007523b  GPIOPadConfigSet               
0007bd69  GPIOPinTypeEthernetLED         
0007b21d  GetCGIParam                    
0007b3a7  HexDigit                       
00076cc9  InitDMADescriptors             
00078ea9  IntEnable                      
0007bde5  IntMasterEnable                
0007b739  IsValidHexDigit                
0007aa9d  LocatorAppTitleSet             
00079c89  LocatorInit                    
0007b759  LocatorMACAddrSet              
00073ead  PinoutSet                      
0007bf71  ResetISR                       
000740c5  SysCtlClockFreqSet             
0007bf77  SysCtlDelay                    
0007be9d  SysCtlMOSCConfigSet            
0007ae11  SysCtlPeripheralEnable         
0007aad5  SysCtlPeripheralReady          
00079e79  SysCtlPeripheralReset          
0007944d  UARTStdioConfig                
0007ba15  UARTprintf                     
000746a5  UARTvprintf                    
0007a30d  UARTwrite                      
200244b0  __STACK_END                    
00000400  __STACK_SIZE                   
200244b0  __STACK_TOP                    
0007c028  __TI_CINIT_Base                
0007c038  __TI_CINIT_Limit               
0007c014  __TI_Handler_Table_Base        
0007c020  __TI_Handler_Table_Limit       
0007a625  __TI_auto_init_nobinit_nopinit 
00078f11  __TI_decompress_lzss           
0007be83  __TI_decompress_none           
ffffffff  __TI_pprof_out_hndl            
ffffffff  __TI_prof_data_size            
ffffffff  __TI_prof_data_start           
00000000  __TI_static_base__             
0007beb5  __TI_zero_init                 
00076993  __aeabi_idiv0                  
00076993  __aeabi_ldiv0                  
00078777  __aeabi_memclr                 
00078777  __aeabi_memclr4                
00078777  __aeabi_memclr8                
00077937  __aeabi_memcpy                 
00077937  __aeabi_memcpy4                
00077937  __aeabi_memcpy8                
00078779  __aeabi_memset                 
00078779  __aeabi_memset4                
00078779  __aeabi_memset8                
0007a87d  __aeabi_uidiv                  
0007a87d  __aeabi_uidivmod               
ffffffff  __binit__                      
ffffffff  __c_args__                     
UNDEFED   __mpu_init                     
200240b0  __stack                        
0007ab0d  _c_int00_noargs                
UNDEFED   _system_post_cinit             
0007bfa7  _system_pre_init               
0007bfab  abort                          
00078d65  adcTask                        
00078411  autoip_arp_reply               
0007ba2f  autoip_network_changed         
00079a79  autoip_start                   
0007bdf5  autoip_stop                    
00076719  autoip_tmr                     
ffffffff  binit                          
0007b275  configureController            
00074bc1  configureEthernet              
20024054  current_header                 
20024058  current_iphdr_dest             
2002405c  current_iphdr_src              
20024060  current_netif                  
00079745  demoSerialTask                 
0007ba49  dhcp_arp_reply                 
0007a97d  dhcp_coarse_tmr                
0007ab45  dhcp_fine_tmr                  
0007a735  dhcp_network_changed           
0007755d  dhcp_release                   
00078191  dhcp_renew                     
2002400c  dhcp_rx_options_given          
20023f28  dhcp_rx_options_val            
00077605  dhcp_start                     
0007abb5  dhcp_stop                      
0007b451  etharp_cleanup_netif           
000756dd  etharp_output                  
000757f9  etharp_query                   
00076489  etharp_raw                     
0007b2cd  etharp_request                 
0007a83d  etharp_tmr                     
00072093  ethbroadcast                   
0007ae79  ethernetTask                   
00077359  ethernet_input                 
00072099  ethzero                        
00071eb8  file_404_htm                   
00071ecc  file_about_htm                 
00071ee0  file_block_htm                 
00071ef4  file_block_jpg                 
00071f08  file_block_tm4c129e_jpg        
00071f1c  file_ek_tm4c1294xl_jpg         
00071f30  file_favicon_ico               
00071f44  file_index_htm                 
00071f58  file_io_cgi_ssi                
00071f6c  file_io_http_htm               
00071f80  file_javascript_js             
00071f94  file_javascript_load_js        
00071fa8  file_overview_htm              
00071fbc  file_perror_htm                
00071fd0  file_styles_css                
00071fe4  file_ti_jpg                    
00071ff8  file_tm4c_jpg                  
0007bf47  fs_bytes_left                  
0007bfaf  fs_close                       
000755bd  fs_open                        
0007a9f3  fs_read                        
2002451c  g_RxDescList                   
2002452c  g_TxDescList                   
20024064  g_iNumCGIs                     
20024558  g_iNumTags                     
20024068  g_pCGIs                        
20023aa0  g_pRxDescriptors               
20023740  g_pTxDescriptors               
0007200c  g_pcSSIExtensions              
20024554  g_pfnSSIHandler                
2002406c  g_pfnTimerHandler              
00000000  g_pfnVectors                   
2002455c  g_ppcTags                      
00071e78  g_psDefaultFilenames           
20024070  g_ui32AbnormalInts             
20024074  g_ui32IPAddress                
200244b4  g_ui32LocalTimer               
20024078  g_ui32NormalInts               
2002407c  g_ui32SysClock                 
20024580  g_ulAnimSpeed                  
0007bcdd  http_set_cgi_handlers          
0007b935  http_set_ssi_handler           
0007bec1  httpd_init                     
0007bf57  icmp_dest_unreach              
00074891  icmp_input                     
0007be15  inet_chksum                    
0007a0a7  inet_chksum_pbuf               
000777f9  inet_chksum_pseudo             
0007becd  io_get_animation_speed         
0007bb29  io_get_animation_speed_string  
0007ac25  io_get_ledstate                
00077f85  io_init                        
0007b5f9  io_is_led_on                   
0007bcf1  io_set_animation_speed         
0007aee1  io_set_animation_speed_string  
0007b951  io_set_led                     
0007afe5  ip4_addr_isbroadcast           
000720a0  ip_addr_any                    
000720a4  ip_addr_broadcast              
000742c5  ip_input                       
0007a42d  ip_output                      
00076009  ip_output_if                   
0007a145  ip_route                       
00078211  lwIPEthernetIntHandler         
00077145  lwIPHostTimerHandler           
000760f1  lwIPInit                       
0007b96d  lwIPLocalIPAddrGet             
0007b7f9  lwIPTimer                      
0007ba63  lwip_htonl                     
0007bed9  lwip_htons                     
0007be25  lwip_init                      
0007ba63  lwip_ntohl                     
0007bed9  lwip_ntohs                     
20023bc0  lwip_stats                     
00076e51  main                           
00078c15  mem_free                       
000797a1  mem_init                       
00075d35  mem_malloc                     
000761d9  mem_trim                       
0007b61d  memcmp                         
00077937  memcpy                         
0007ac5d  memp_free                      
00078e3d  memp_init                      
00079b29  memp_malloc                    
0007877f  memset                         
00079f69  netif_add                      
20024080  netif_default                  
20024084  netif_list                     
0007b989  netif_set_addr                 
0007bee5  netif_set_default              
0007b915  netif_set_down                 
0007bef1  netif_set_gw                   
000790b1  netif_set_ipaddr               
0007bd8d  netif_set_link_down            
0007a93d  netif_set_link_up              
0007befd  netif_set_netmask              
0007b641  netif_set_up                   
00075101  pbuf_alloc                     
0007b3fb  pbuf_cat                       
0007be35  pbuf_chain                     
0007bd9f  pbuf_clen                      
00077ba1  pbuf_copy                      
000792b9  pbuf_copy_partial              
0007a0f5  pbuf_free                      
200240a8  pbuf_free_ooseq_pending        
00079385  pbuf_header                    
0007996d  pbuf_realloc                   
0007bc9b  pbuf_ref                       
000776ad  pvPortMalloc                   
0007bb59  pvTaskIncrementMutexHeldCount  
200244e8  pxCurrentTCB                   
0007b2f9  pxPortInitialiseStack          
20000000  ram_heap                       
00078a49  raw_input                      
0007bcb1  strchr                         
0007bb71  strcmp                         
0007bd19  strlen                         
0007b325  strncmp                        
0007af15  strstr                         
0007be55  sys_arch_protect               
0007bd2d  sys_arch_unprotect             
0007bf09  sys_now                        
00079119  sys_timeout                    
00079fb9  sys_timeouts_init              
00077c35  tcp_abandon                    
0007bf7d  tcp_abort                      
0007bfb3  tcp_accept                     
20024088  tcp_active_pcbs                
200240a9  tcp_active_pcbs_changed        
00076a65  tcp_alloc                      
0007bfb7  tcp_arg                        
0007205c  tcp_backoff                    
00078589  tcp_bind                       
2002408c  tcp_bound_pcbs                 
0007bd41  tcp_close                      
0007b839  tcp_eff_send_mss               
00077405  tcp_enqueue_flags              
0007bf89  tcp_err                        
00078cf5  tcp_fasttmr                    
00072d01  tcp_input                      
20024090  tcp_input_pcb                  
00079859  tcp_keepalive                  
20024094  tcp_listen_pcbs                
000779d5  tcp_listen_with_backlog        
0007bf8f  tcp_new                        
0007bb89  tcp_next_iss                   
00074a35  tcp_output                     
0007204c  tcp_pcb_lists                  
0007a7b9  tcp_pcb_purge                  
000798b5  tcp_pcb_remove                 
0007208c  tcp_persist_backoff            
0007bf2d  tcp_poll                       
000791e9  tcp_process_refused_data       
0007bf95  tcp_recv                       
0007b5af  tcp_recv_null                  
0007b017  tcp_recved                     
00079c31  tcp_rexmit                     
0007a505  tcp_rexmit_fast                
0007b195  tcp_rexmit_rto                 
00077cc5  tcp_rst                        
0007b689  tcp_seg_copy                   
0007bba1  tcp_seg_free                   
0007bdc3  tcp_segs_free                  
00079911  tcp_send_empty_ack             
0007a5dd  tcp_send_fin                   
0007bfbb  tcp_sent                       
0007bfbf  tcp_setprio                    
00073769  tcp_slowtmr                    
20024098  tcp_ticks                      
0007af7d  tcp_timer_needed               
2002409c  tcp_tmp_pcb                    
0007b859  tcp_tmr                        
200240a0  tcp_tw_pcbs                    
0007b0a9  tcp_update_rcv_ann_wnd         
00073481  tcp_write                      
000774b1  tcp_zero_window_probe          
0007afb1  tivaif_init                    
0007a1dd  tivaif_interrupt               
00078681  tivaif_process_phy_interrupt   
00079251  udp_bind                       
0007a229  udp_connect                    
000744b5  udp_input                      
0007b9c1  udp_new                        
200240a4  udp_pcbs                       
0007bf9b  udp_recv                       
0007b0d9  udp_remove                     
0007accd  udp_sendto                     
000762c1  udp_sendto_if                  
000720a8  ulMaxSyscallInterruptPriority  
000768d1  ulPortGetIPSR                  
0007ba97  usnprintf                      
0007b879  usprintf                       
0007ad3d  ustrncmp                       
0007b425  ustrncpy                       
00073a31  uvsnprintf                     
0007b6ad  uxListRemove                   
0007bcc7  vListInitialise                
0007bfa1  vListInitialiseItem            
0007ad05  vListInsert                    
0007bbb9  vListInsertEnd                 
00076985  vPortEnableVFP                 
0007b9dd  vPortEnterCritical             
0007bbd1  vPortExitCritical              
0007a6ad  vPortFree                      
00076949  vPortSVCHandler                
0007bd55  vPortSetupTimerInterrupt       
00076969  vPortStartFirstTask            
0007b899  vQueueAddToRegistry            
0007a595  vQueueWaitForMessageRestricted 
0007b109  vTaskDelay                     
0007bf15  vTaskMissedYield               
0007b9f9  vTaskPlaceOnEventList          
0007b6d1  vTaskPlaceOnEventListRestricted
00077d55  vTaskPriorityInherit           
0007bbe9  vTaskSetTimeOutState           
000793e9  vTaskStartScheduler            
0007be65  vTaskSuspendAll                
00079bd9  vTaskSwitchContext             
2002457c  x                              
000768e9  xPortPendSVHandler             
0007a8bd  xPortStartScheduler            
0007b351  xPortSysTickHandler            
0007b1c3  xQueueGenericCreate            
0007536d  xQueueGenericReceive           
00078391  xQueueGenericReset             
00075e2d  xQueueGenericSend              
0007962b  xQueueGenericSendFromISR       
20023eb0  xQueueRegistry                 
00079d31  xTaskCheckForTimeOut           
00079689  xTaskCreate                    
0007b8b9  xTaskGetSchedulerState         
0007bf21  xTaskGetTickCount              
00075c35  xTaskIncrementTick             
000788e5  xTaskPriorityDisinherit        
00078abd  xTaskRemoveFromEventList       
00076565  xTaskResumeAll                 
0007a8fd  xTimerCreateTimerTask          
0007a6f1  xTimerGenericCommand           


GLOBAL SYMBOLS: SORTED BY Symbol Address 

address   name                           
-------   ----                           
00000000  __TI_static_base__             
00000000  g_pfnVectors                   
00000400  __STACK_SIZE                   
00071e78  g_psDefaultFilenames           
00071eb8  file_404_htm                   
00071ecc  file_about_htm                 
00071ee0  file_block_htm                 
00071ef4  file_block_jpg                 
00071f08  file_block_tm4c129e_jpg        
00071f1c  file_ek_tm4c1294xl_jpg         
00071f30  file_favicon_ico               
00071f44  file_index_htm                 
00071f58  file_io_cgi_ssi                
00071f6c  file_io_http_htm               
00071f80  file_javascript_js             
00071f94  file_javascript_load_js        
00071fa8  file_overview_htm              
00071fbc  file_perror_htm                
00071fd0  file_styles_css                
00071fe4  file_ti_jpg                    
00071ff8  file_tm4c_jpg                  
0007200c  g_pcSSIExtensions              
0007204c  tcp_pcb_lists                  
0007205c  tcp_backoff                    
0007208c  tcp_persist_backoff            
00072093  ethbroadcast                   
00072099  ethzero                        
000720a0  ip_addr_any                    
000720a4  ip_addr_broadcast              
000720a8  ulMaxSyscallInterruptPriority  
00072d01  tcp_input                      
00073481  tcp_write                      
00073769  tcp_slowtmr                    
00073a31  uvsnprintf                     
00073ead  PinoutSet                      
000740c5  SysCtlClockFreqSet             
000742c5  ip_input                       
000744b5  udp_input                      
000746a5  UARTvprintf                    
00074891  icmp_input                     
00074a35  tcp_output                     
00074bc1  configureEthernet              
00075101  pbuf_alloc                     
0007523b  GPIOPadConfigSet               
0007536d  xQueueGenericReceive           
000755bd  fs_open                        
000756dd  etharp_output                  
000757f9  etharp_query                   
00075c35  xTaskIncrementTick             
00075d35  mem_malloc                     
00075e2d  xQueueGenericSend              
00076009  ip_output_if                   
000760f1  lwIPInit                       
000761d9  mem_trim                       
000762c1  udp_sendto_if                  
00076489  etharp_raw                     
00076565  xTaskResumeAll                 
00076719  autoip_tmr                     
000768d1  ulPortGetIPSR                  
000768e9  xPortPendSVHandler             
00076949  vPortSVCHandler                
00076969  vPortStartFirstTask            
00076985  vPortEnableVFP                 
00076993  __aeabi_idiv0                  
00076993  __aeabi_ldiv0                  
00076a65  tcp_alloc                      
00076cc9  InitDMADescriptors             
00076e51  main                           
00077145  lwIPHostTimerHandler           
00077359  ethernet_input                 
00077405  tcp_enqueue_flags              
000774b1  tcp_zero_window_probe          
0007755d  dhcp_release                   
00077605  dhcp_start                     
000776ad  pvPortMalloc                   
000777f9  inet_chksum_pseudo             
00077937  __aeabi_memcpy                 
00077937  __aeabi_memcpy4                
00077937  __aeabi_memcpy8                
00077937  memcpy                         
000779d5  tcp_listen_with_backlog        
00077ba1  pbuf_copy                      
00077c35  tcp_abandon                    
00077cc5  tcp_rst                        
00077d55  vTaskPriorityInherit           
00077f85  io_init                        
00078191  dhcp_renew                     
00078211  lwIPEthernetIntHandler         
00078391  xQueueGenericReset             
00078411  autoip_arp_reply               
00078589  tcp_bind                       
00078681  tivaif_process_phy_interrupt   
000786fd  ADCSequenceStepConfigure       
00078777  __aeabi_memclr                 
00078777  __aeabi_memclr4                
00078777  __aeabi_memclr8                
00078779  __aeabi_memset                 
00078779  __aeabi_memset4                
00078779  __aeabi_memset8                
0007877f  memset                         
0007886d  EMACInit                       
000788e5  xTaskPriorityDisinherit        
00078a49  raw_input                      
00078abd  xTaskRemoveFromEventList       
00078b31  CheckDecimalParam              
00078c15  mem_free                       
00078cf5  tcp_fasttmr                    
00078d65  adcTask                        
00078e3d  memp_init                      
00078ea9  IntEnable                      
00078f11  __TI_decompress_lzss           
000790b1  netif_set_ipaddr               
00079119  sys_timeout                    
000791e9  tcp_process_refused_data       
00079251  udp_bind                       
000792b9  pbuf_copy_partial              
00079385  pbuf_header                    
000793e9  vTaskStartScheduler            
0007944d  UARTStdioConfig                
0007962b  xQueueGenericSendFromISR       
00079689  xTaskCreate                    
000796e7  DecodeFormString               
00079745  demoSerialTask                 
000797a1  mem_init                       
00079859  tcp_keepalive                  
000798b5  tcp_pcb_remove                 
00079911  tcp_send_empty_ack             
0007996d  pbuf_realloc                   
000799c9  EMACPHYConfigSet               
00079a79  autoip_start                   
00079b29  memp_malloc                    
00079bd9  vTaskSwitchContext             
00079c31  tcp_rexmit                     
00079c89  LocatorInit                    
00079d31  xTaskCheckForTimeOut           
00079e29  ADCSequenceConfigure           
00079e79  SysCtlPeripheralReset          
00079f69  netif_add                      
00079fb9  sys_timeouts_init              
0007a0a7  inet_chksum_pbuf               
0007a0f5  pbuf_free                      
0007a145  ip_route                       
0007a1dd  tivaif_interrupt               
0007a229  udp_connect                    
0007a30d  UARTwrite                      
0007a42d  ip_output                      
0007a505  tcp_rexmit_fast                
0007a595  vQueueWaitForMessageRestricted 
0007a5dd  tcp_send_fin                   
0007a625  __TI_auto_init_nobinit_nopinit 
0007a6ad  vPortFree                      
0007a6f1  xTimerGenericCommand           
0007a735  dhcp_network_changed           
0007a7b9  tcp_pcb_purge                  
0007a7fb  DecodeHexEscape                
0007a83d  etharp_tmr                     
0007a87d  __aeabi_uidiv                  
0007a87d  __aeabi_uidivmod               
0007a8bd  xPortStartScheduler            
0007a8fd  xTimerCreateTimerTask          
0007a93d  netif_set_link_up              
0007a97d  dhcp_coarse_tmr                
0007a9b9  EMACIntEnable                  
0007a9f3  fs_read                        
0007aa2d  DisplayIPAddress               
0007aa65  EMACConfigSet                  
0007aa9d  LocatorAppTitleSet             
0007aad5  SysCtlPeripheralReady          
0007ab0d  _c_int00_noargs                
0007ab45  dhcp_fine_tmr                  
0007abb5  dhcp_stop                      
0007ac25  io_get_ledstate                
0007ac5d  memp_free                      
0007accd  udp_sendto                     
0007ad05  vListInsert                    
0007ad3d  ustrncmp                       
0007ad75  AnimTimerIntHandler            
0007ada9  EMACConfigGet                  
0007addd  EMACIntClear                   
0007ae11  SysCtlPeripheralEnable         
0007ae79  ethernetTask                   
0007aee1  io_set_animation_speed_string  
0007af15  strstr                         
0007af7d  tcp_timer_needed               
0007afb1  tivaif_init                    
0007afe5  ip4_addr_isbroadcast           
0007b017  tcp_recved                     
0007b0a9  tcp_update_rcv_ann_wnd         
0007b0d9  udp_remove                     
0007b109  vTaskDelay                     
0007b139  ADCIntStatus                   
0007b167  FindCGIParameter               
0007b195  tcp_rexmit_rto                 
0007b1c3  xQueueGenericCreate            
0007b1f1  EMACIntStatus                  
0007b21d  GetCGIParam                    
0007b275  configureController            
0007b2cd  etharp_request                 
0007b2f9  pxPortInitialiseStack          
0007b325  strncmp                        
0007b351  xPortSysTickHandler            
0007b37d  GPIODirModeSet                 
0007b3a7  HexDigit                       
0007b3fb  pbuf_cat                       
0007b425  ustrncpy                       
0007b451  etharp_cleanup_netif           
0007b4f1  EMACPHYRead                    
0007b517  EMACPHYWrite                   
0007b5af  tcp_recv_null                  
0007b5f9  io_is_led_on                   
0007b61d  memcmp                         
0007b641  netif_set_up                   
0007b689  tcp_seg_copy                   
0007b6ad  uxListRemove                   
0007b6d1  vTaskPlaceOnEventListRestricted
0007b739  IsValidHexDigit                
0007b759  LocatorMACAddrSet              
0007b7f9  lwIPTimer                      
0007b839  tcp_eff_send_mss               
0007b859  tcp_tmr                        
0007b879  usprintf                       
0007b899  vQueueAddToRegistry            
0007b8b9  xTaskGetSchedulerState         
0007b8d9  ADCSequenceDataGet             
0007b8f7  EMACAddrGet                    
0007b915  netif_set_down                 
0007b935  http_set_ssi_handler           
0007b951  io_set_led                     
0007b96d  lwIPLocalIPAddrGet             
0007b989  netif_set_addr                 
0007b9c1  udp_new                        
0007b9dd  vPortEnterCritical             
0007b9f9  vTaskPlaceOnEventList          
0007ba15  UARTprintf                     
0007ba2f  autoip_network_changed         
0007ba49  dhcp_arp_reply                 
0007ba63  lwip_htonl                     
0007ba63  lwip_ntohl                     
0007ba97  usnprintf                      
0007bab1  ADCProcessorTrigger            
0007bb29  io_get_animation_speed_string  
0007bb59  pvTaskIncrementMutexHeldCount  
0007bb71  strcmp                         
0007bb89  tcp_next_iss                   
0007bba1  tcp_seg_free                   
0007bbb9  vListInsertEnd                 
0007bbd1  vPortExitCritical              
0007bbe9  vTaskSetTimeOutState           
0007bc01  EMACReset                      
0007bc17  EMACRxEnable                   
0007bc2d  EMACTxEnable                   
0007bc9b  pbuf_ref                       
0007bcb1  strchr                         
0007bcc7  vListInitialise                
0007bcdd  http_set_cgi_handlers          
0007bcf1  io_set_animation_speed         
0007bd19  strlen                         
0007bd2d  sys_arch_unprotect             
0007bd41  tcp_close                      
0007bd55  vPortSetupTimerInterrupt       
0007bd69  GPIOPinTypeEthernetLED         
0007bd8d  netif_set_link_down            
0007bd9f  pbuf_clen                      
0007bdc3  tcp_segs_free                  
0007bdd5  EMACFrameFilterSet             
0007bde5  IntMasterEnable                
0007bdf5  autoip_stop                    
0007be15  inet_chksum                    
0007be25  lwip_init                      
0007be35  pbuf_chain                     
0007be55  sys_arch_protect               
0007be65  vTaskSuspendAll                
0007be75  ADCSequenceEnable              
0007be83  __TI_decompress_none           
0007be91  CPUcpsie                       
0007be9d  SysCtlMOSCConfigSet            
0007beb5  __TI_zero_init                 
0007bec1  httpd_init                     
0007becd  io_get_animation_speed         
0007bed9  lwip_htons                     
0007bed9  lwip_ntohs                     
0007bee5  netif_set_default              
0007bef1  netif_set_gw                   
0007befd  netif_set_netmask              
0007bf09  sys_now                        
0007bf15  vTaskMissedYield               
0007bf21  xTaskGetTickCount              
0007bf2d  tcp_poll                       
0007bf37  EMACPowerManagementStatusGet   
0007bf3f  EMACTxDMAPollDemand            
0007bf47  fs_bytes_left                  
0007bf57  icmp_dest_unreach              
0007bf5f  EMACRxDMADescriptorListSet     
0007bf65  EMACTimestampIntStatus         
0007bf6b  EMACTxDMADescriptorListSet     
0007bf71  ResetISR                       
0007bf77  SysCtlDelay                    
0007bf7d  tcp_abort                      
0007bf89  tcp_err                        
0007bf8f  tcp_new                        
0007bf95  tcp_recv                       
0007bf9b  udp_recv                       
0007bfa1  vListInitialiseItem            
0007bfa7  _system_pre_init               
0007bfab  C$$EXIT                        
0007bfab  abort                          
0007bfaf  fs_close                       
0007bfb3  tcp_accept                     
0007bfb7  tcp_arg                        
0007bfbb  tcp_sent                       
0007bfbf  tcp_setprio                    
0007c014  __TI_Handler_Table_Base        
0007c020  __TI_Handler_Table_Limit       
0007c028  __TI_CINIT_Base                
0007c038  __TI_CINIT_Limit               
20000000  ram_heap                       
20023740  g_pTxDescriptors               
20023aa0  g_pRxDescriptors               
20023bc0  lwip_stats                     
20023eb0  xQueueRegistry                 
20023f28  dhcp_rx_options_val            
2002400c  dhcp_rx_options_given          
20024054  current_header                 
20024058  current_iphdr_dest             
2002405c  current_iphdr_src              
20024060  current_netif                  
20024064  g_iNumCGIs                     
20024068  g_pCGIs                        
2002406c  g_pfnTimerHandler              
20024070  g_ui32AbnormalInts             
20024074  g_ui32IPAddress                
20024078  g_ui32NormalInts               
2002407c  g_ui32SysClock                 
20024080  netif_default                  
20024084  netif_list                     
20024088  tcp_active_pcbs                
2002408c  tcp_bound_pcbs                 
20024090  tcp_input_pcb                  
20024094  tcp_listen_pcbs                
20024098  tcp_ticks                      
2002409c  tcp_tmp_pcb                    
200240a0  tcp_tw_pcbs                    
200240a4  udp_pcbs                       
200240a8  pbuf_free_ooseq_pending        
200240a9  tcp_active_pcbs_changed        
200240b0  __stack                        
200244b0  __STACK_END                    
200244b0  __STACK_TOP                    
200244b4  g_ui32LocalTimer               
200244e8  pxCurrentTCB                   
2002451c  g_RxDescList                   
2002452c  g_TxDescList                   
20024554  g_pfnSSIHandler                
20024558  g_iNumTags                     
2002455c  g_ppcTags                      
2002457c  x                              
20024580  g_ulAnimSpeed                  
ffffffff  __TI_pprof_out_hndl            
ffffffff  __TI_prof_data_size            
ffffffff  __TI_prof_data_start           
ffffffff  __binit__                      
ffffffff  __c_args__                     
ffffffff  binit                          
UNDEFED   __mpu_init                     
UNDEFED   _system_post_cinit             

[365 symbols]
